Archive member included to satisfy reference by file (symbol)

lib/threadx/libthreadx.a(tx_thread_schedule.S.obj)
                              app/CMakeFiles/mxchip_azure_iot.dir/startup/startup_stm32f412rx.s.obj (__tx_PendSVHandler)
lib/threadx/libthreadx.a(tx_timer_interrupt.S.obj)
                              app/CMakeFiles/mxchip_azure_iot.dir/startup/tx_initialize_low_level.S.obj (_tx_timer_interrupt)
lib/threadx/libthreadx.a(tx_initialize_high_level.c.obj)
                              app/CMakeFiles/mxchip_azure_iot.dir/startup/tx_initialize_low_level.S.obj (_tx_initialize_unused_memory)
lib/threadx/libthreadx.a(tx_thread_initialize.c.obj)
                              app/CMakeFiles/mxchip_azure_iot.dir/startup/tx_initialize_low_level.S.obj (_tx_thread_system_stack_ptr)
lib/threadx/libthreadx.a(tx_thread_sleep.c.obj)
                              app/CMakeFiles/mxchip_azure_iot.dir/main.c.obj (_tx_thread_sleep)
lib/threadx/libthreadx.a(tx_thread_system_suspend.c.obj)
                              lib/threadx/libthreadx.a(tx_thread_sleep.c.obj) (_tx_thread_system_suspend)
lib/threadx/libthreadx.a(tx_thread_time_slice.c.obj)
                              lib/threadx/libthreadx.a(tx_timer_interrupt.S.obj) (_tx_thread_time_slice)
lib/threadx/libthreadx.a(tx_timer_expiration_process.c.obj)
                              lib/threadx/libthreadx.a(tx_timer_interrupt.S.obj) (_tx_timer_expiration_process)
lib/threadx/libthreadx.a(tx_timer_initialize.c.obj)
                              lib/threadx/libthreadx.a(tx_timer_interrupt.S.obj) (_tx_timer_system_clock)
lib/threadx/libthreadx.a(tx_timer_system_activate.c.obj)
                              lib/threadx/libthreadx.a(tx_thread_system_suspend.c.obj) (_tx_timer_system_activate)
lib/threadx/libthreadx.a(tx_timer_thread_entry.c.obj)
                              lib/threadx/libthreadx.a(tx_timer_initialize.c.obj) (_tx_timer_thread_entry)
lib/threadx/libthreadx.a(tx_thread_create.c.obj)
                              lib/threadx/libthreadx.a(tx_timer_initialize.c.obj) (_tx_thread_create)
lib/threadx/libthreadx.a(tx_thread_shell_entry.c.obj)
                              lib/threadx/libthreadx.a(tx_thread_create.c.obj) (_tx_thread_shell_entry)
lib/threadx/libthreadx.a(tx_thread_system_preempt_check.c.obj)
                              lib/threadx/libthreadx.a(tx_thread_create.c.obj) (_tx_thread_system_preempt_check)
lib/threadx/libthreadx.a(tx_thread_system_resume.c.obj)
                              lib/threadx/libthreadx.a(tx_timer_expiration_process.c.obj) (_tx_thread_system_resume)
lib/threadx/libthreadx.a(tx_thread_timeout.c.obj)
                              lib/threadx/libthreadx.a(tx_thread_create.c.obj) (_tx_thread_timeout)
lib/threadx/libthreadx.a(tx_timer_system_deactivate.c.obj)
                              lib/threadx/libthreadx.a(tx_thread_system_resume.c.obj) (_tx_timer_system_deactivate)
lib/threadx/libthreadx.a(tx_thread_stack_build.S.obj)
                              lib/threadx/libthreadx.a(tx_thread_create.c.obj) (_tx_thread_stack_build)
/usr/lib/gcc/arm-none-eabi/9.2.1/thumb/v7e-m+fp/hard/libgcc.a(_arm_muldf3.o)
                              lib/mxchip_bsp/CMakeFiles/mxchip_bsp.dir/ssd1306/ssd1306.c.obj (__aeabi_dmul)
/usr/lib/gcc/arm-none-eabi/9.2.1/thumb/v7e-m+fp/hard/libgcc.a(_arm_addsubdf3.o)
                              lib/mxchip_bsp/CMakeFiles/mxchip_bsp.dir/ssd1306/ssd1306.c.obj (__aeabi_i2d)
/usr/lib/gcc/arm-none-eabi/9.2.1/thumb/v7e-m+fp/hard/libgcc.a(_arm_fixdfsi.o)
                              lib/mxchip_bsp/CMakeFiles/mxchip_bsp.dir/ssd1306/ssd1306.c.obj (__aeabi_d2iz)
/usr/lib/gcc/arm-none-eabi/9.2.1/thumb/v7e-m+fp/hard/libgcc.a(_aeabi_uldivmod.o)
                              lib/stm32cubef4/CMakeFiles/stm32cubef4.dir/Drivers/STM32F4xx_HAL_Driver/Src/stm32f4xx_hal_uart.c.obj (__aeabi_uldivmod)
/usr/lib/gcc/arm-none-eabi/9.2.1/thumb/v7e-m+fp/hard/libgcc.a(_udivmoddi4.o)
                              /usr/lib/gcc/arm-none-eabi/9.2.1/thumb/v7e-m+fp/hard/libgcc.a(_aeabi_uldivmod.o) (__udivmoddi4)
/usr/lib/gcc/arm-none-eabi/9.2.1/thumb/v7e-m+fp/hard/libgcc.a(_dvmd_tls.o)
                              /usr/lib/gcc/arm-none-eabi/9.2.1/thumb/v7e-m+fp/hard/libgcc.a(_aeabi_uldivmod.o) (__aeabi_ldiv0)
/usr/lib/gcc/arm-none-eabi/9.2.1/../../../arm-none-eabi/lib/thumb/v7e-m+fp/hard/libg_nano.a(lib_a-abs.o)
                              lib/mxchip_bsp/CMakeFiles/mxchip_bsp.dir/ssd1306/ssd1306.c.obj (abs)
/usr/lib/gcc/arm-none-eabi/9.2.1/../../../arm-none-eabi/lib/thumb/v7e-m+fp/hard/libg_nano.a(lib_a-atexit.o)
                              /usr/lib/gcc/arm-none-eabi/9.2.1/../../../arm-none-eabi/lib/thumb/v7e-m+fp/hard/crt0.o (atexit)
/usr/lib/gcc/arm-none-eabi/9.2.1/../../../arm-none-eabi/lib/thumb/v7e-m+fp/hard/libg_nano.a(lib_a-exit.o)
                              /usr/lib/gcc/arm-none-eabi/9.2.1/../../../arm-none-eabi/lib/thumb/v7e-m+fp/hard/crt0.o (exit)
[...]
Memory Configuration

Name             Origin             Length             Attributes
RAM              0x0000000020000000 0x0000000000020000 xrw
FLASH            0x0000000008000000 0x0000000000100000 xr
CCMRAM           0x0000000010000000 0x0000000000010000 rw
*default*        0x0000000000000000 0xffffffffffffffff

Linker script and memory map

LOAD /usr/lib/gcc/arm-none-eabi/9.2.1/thumb/v7e-m+fp/hard/crti.o
LOAD /usr/lib/gcc/arm-none-eabi/9.2.1/thumb/v7e-m+fp/hard/crtbegin.o
LOAD /usr/lib/gcc/arm-none-eabi/9.2.1/../../../arm-none-eabi/lib/thumb/v7e-m+fp/hard/crt0.o
LOAD lib/stm32cubef4/CMakeFiles/stm32cubef4.dir/Drivers/STM32F4xx_HAL_Driver/Src/stm32f4xx_hal.c.obj
LOAD lib/stm32cubef4/CMakeFiles/stm32cubef4.dir/Drivers/STM32F4xx_HAL_Driver/Src/stm32f4xx_hal_dma.c.obj
LOAD lib/stm32cubef4/CMakeFiles/stm32cubef4.dir/Drivers/STM32F4xx_HAL_Driver/Src/stm32f4xx_hal_dma_ex.c.obj
LOAD lib/stm32cubef4/CMakeFiles/stm32cubef4.dir/Drivers/STM32F4xx_HAL_Driver/Src/stm32f4xx_hal_flash.c.obj
LOAD lib/stm32cubef4/CMakeFiles/stm32cubef4.dir/Drivers/STM32F4xx_HAL_Driver/Src/stm32f4xx_hal_flash_ex.c.obj
LOAD lib/stm32cubef4/CMakeFiles/stm32cubef4.dir/Drivers/STM32F4xx_HAL_Driver/Src/stm32f4xx_hal_gpio.c.obj
LOAD lib/stm32cubef4/CMakeFiles/stm32cubef4.dir/Drivers/STM32F4xx_HAL_Driver/Src/stm32f4xx_hal_tim.c.obj
LOAD lib/stm32cubef4/CMakeFiles/stm32cubef4.dir/Drivers/STM32F4xx_HAL_Driver/Src/stm32f4xx_hal_tim_ex.c.obj
LOAD lib/stm32cubef4/CMakeFiles/stm32cubef4.dir/Drivers/STM32F4xx_HAL_Driver/Src/stm32f4xx_hal_timebase_tim.c.obj
LOAD lib/stm32cubef4/CMakeFiles/stm32cubef4.dir/Drivers/STM32F4xx_HAL_Driver/Src/stm32f4xx_hal_uart.c.obj
LOAD lib/stm32cubef4/CMakeFiles/stm32cubef4.dir/Drivers/STM32F4xx_HAL_Driver/Src/stm32f4xx_hal_usart.c.obj
LOAD lib/stm32cubef4/CMakeFiles/stm32cubef4.dir/Drivers/STM32F4xx_HAL_Driver/Src/stm32f4xx_hal_i2c.c.obj
LOAD lib/stm32cubef4/CMakeFiles/stm32cubef4.dir/Drivers/STM32F4xx_HAL_Driver/Src/stm32f4xx_hal_i2c_ex.c.obj
LOAD lib/stm32cubef4/CMakeFiles/stm32cubef4.dir/Drivers/STM32F4xx_HAL_Driver/Src/stm32f4xx_hal_cortex.c.obj
LOAD lib/stm32cubef4/CMakeFiles/stm32cubef4.dir/Drivers/STM32F4xx_HAL_Driver/Src/stm32f4xx_hal_pwr.c.obj
LOAD lib/stm32cubef4/CMakeFiles/stm32cubef4.dir/Drivers/STM32F4xx_HAL_Driver/Src/stm32f4xx_hal_pwr_ex.c.obj
LOAD lib/stm32cubef4/CMakeFiles/stm32cubef4.dir/Drivers/STM32F4xx_HAL_Driver/Src/stm32f4xx_hal_rcc.c.obj
LOAD lib/stm32cubef4/CMakeFiles/stm32cubef4.dir/Drivers/STM32F4xx_HAL_Driver/Src/stm32f4xx_hal_rcc_ex.c.obj
LOAD lib/mxchip_bsp/CMakeFiles/mxchip_bsp.dir/stm_sensor/Src/lps22hb_reg.c.obj
LOAD lib/mxchip_bsp/CMakeFiles/mxchip_bsp.dir/stm_sensor/Src/hts221_reg.c.obj
LOAD lib/mxchip_bsp/CMakeFiles/mxchip_bsp.dir/stm_sensor/Src/lsm6dsl_reg.c.obj
LOAD lib/mxchip_bsp/CMakeFiles/mxchip_bsp.dir/stm_sensor/Src/lis2mdl_reg.c.obj
LOAD lib/mxchip_bsp/CMakeFiles/mxchip_bsp.dir/stm_sensor/Src/lsm6dsl_read_data_polling.c.obj
LOAD lib/mxchip_bsp/CMakeFiles/mxchip_bsp.dir/stm_sensor/Src/lps22hb_read_data_polling.c.obj
LOAD lib/mxchip_bsp/CMakeFiles/mxchip_bsp.dir/stm_sensor/Src/hts221_read_data_polling.c.obj
LOAD lib/mxchip_bsp/CMakeFiles/mxchip_bsp.dir/stm_sensor/Src/lis2mdl_read_data_polling.c.obj
LOAD lib/mxchip_bsp/CMakeFiles/mxchip_bsp.dir/ssd1306/ssd1306.c.obj
LOAD lib/mxchip_bsp/CMakeFiles/mxchip_bsp.dir/ssd1306/ssd1306_fonts.c.obj
LOAD shared_src/CMakeFiles/app_common.dir/newlib_nano.c.obj
LOAD app/CMakeFiles/mxchip_azure_iot.dir/startup/system_stm32f4xx.c.obj
LOAD app/CMakeFiles/mxchip_azure_iot.dir/startup/startup_stm32f412rx.s.obj
LOAD app/CMakeFiles/mxchip_azure_iot.dir/startup/tx_initialize_low_level.S.obj
LOAD app/CMakeFiles/mxchip_azure_iot.dir/stm32cubef4/stm32f4xx_hal_msp.c.obj
LOAD app/CMakeFiles/mxchip_azure_iot.dir/board_init.c.obj
LOAD app/CMakeFiles/mxchip_azure_iot.dir/console.c.obj
LOAD app/CMakeFiles/mxchip_azure_iot.dir/screen.c.obj
LOAD app/CMakeFiles/mxchip_azure_iot.dir/main.c.obj
LOAD lib/threadx/libthreadx.a
LOAD lib/threadx/libthreadx.a
START GROUP
LOAD /usr/lib/gcc/arm-none-eabi/9.2.1/thumb/v7e-m+fp/hard/libgcc.a
LOAD /usr/lib/gcc/arm-none-eabi/9.2.1/../../../arm-none-eabi/lib/thumb/v7e-m+fp/hard/libg_nano.a
LOAD /usr/lib/gcc/arm-none-eabi/9.2.1/../../../arm-none-eabi/lib/thumb/v7e-m+fp/hard/libc_nano.a
END GROUP
START GROUP
LOAD /usr/lib/gcc/arm-none-eabi/9.2.1/thumb/v7e-m+fp/hard/libgcc.a
LOAD /usr/lib/gcc/arm-none-eabi/9.2.1/../../../arm-none-eabi/lib/thumb/v7e-m+fp/hard/libc_nano.a
END GROUP
LOAD /usr/lib/gcc/arm-none-eabi/9.2.1/thumb/v7e-m+fp/hard/crtend.o
LOAD /usr/lib/gcc/arm-none-eabi/9.2.1/thumb/v7e-m+fp/hard/crtn.o
                0x000000002001ffff                _estack = 0x2001ffff
                0x0000000000000000                _Min_Heap_Size = 0x0
                0x0000000000000200                _Min_Stack_Size = 0x200

.isr_vector     0x0000000008000000      0x1c4
                0x0000000008000000                . = ALIGN (0x4)
 *(.isr_vector)
 .isr_vector    0x0000000008000000      0x1c4 app/CMakeFiles/mxchip_azure_iot.dir/startup/startup_stm32f412rx.s.obj
                0x0000000008000000                _vectors
                0x0000000008000000                g_pfnVectors
                0x00000000080001c4                . = ALIGN (0x4)

.text           0x0000000008000200     0x8a18
                0x0000000008000200                . = ALIGN (0x4)
 *(.text)
 .text          0x0000000008000200       0x88 /usr/lib/gcc/arm-none-eabi/9.2.1/thumb/v7e-m+fp/hard/crtbegin.o
 *fill*         0x0000000008000288        0x8 
 .text          0x0000000008000290       0x94 app/CMakeFiles/mxchip_azure_iot.dir/startup/tx_initialize_low_level.S.obj
                0x0000000008000290                _tx_initialize_low_level
                0x00000000080002de                __tx_BadHandler
                0x00000000080002e2                __tx_HardfaultHandler
                0x00000000080002e6                __tx_SVCallHandler
                0x00000000080002ea                __tx_IntHandler
                0x00000000080002f2                SysTick_Handler
                0x00000000080002f2                __tx_SysTickHandler
                0x00000000080002fe                __tx_NMIHandler
                0x0000000008000302                __tx_DBGHandler
 *fill*         0x0000000008000324        0xc 
 .text          0x0000000008000330       0xc0 lib/threadx/libthreadx.a(tx_thread_schedule.S.obj)
                0x0000000008000330                _tx_thread_schedule
                0x000000000800035c                PendSV_Handler
                0x000000000800035c                __tx_PendSVHandler
                0x00000000080003de                tx_thread_fpu_enable
                0x00000000080003de                tx_thread_fpu_disable
 .text          0x00000000080003f0       0xb8 lib/threadx/libthreadx.a(tx_timer_interrupt.S.obj)
                0x00000000080003f0                _tx_timer_interrupt
 .text          0x00000000080004a8       0x30 /usr/lib/gcc/arm-none-eabi/9.2.1/thumb/v7e-m+fp/hard/libgcc.a(_aeabi_uldivmod.o)
                0x00000000080004a8                __aeabi_uldivmod
 .text          0x00000000080004d8      0x2c4 /usr/lib/gcc/arm-none-eabi/9.2.1/thumb/v7e-m+fp/hard/libgcc.a(_udivmoddi4.o)
                0x00000000080004d8                __udivmoddi4
 .text          0x000000000800079c        0x4 /usr/lib/gcc/arm-none-eabi/9.2.1/thumb/v7e-m+fp/hard/libgcc.a(_dvmd_tls.o)
                0x000000000800079c                __aeabi_ldiv0
                0x000000000800079c                __aeabi_idiv0
 .text          0x00000000080007a0       0x48 /usr/lib/gcc/arm-none-eabi/9.2.1/../../../arm-none-eabi/lib/thumb/v7e-m+fp/hard/libg_nano.a(lib_a-init.o)
                0x00000000080007a0                __libc_init_array
 .text          0x00000000080007e8      0x134 /usr/lib/gcc/arm-none-eabi/9.2.1/../../../arm-none-eabi/lib/thumb/v7e-m+fp/hard/libg_nano.a(lib_a-memcpy.o)
                0x00000000080007e8                memcpy
 .text          0x000000000800091c       0xa0 /usr/lib/gcc/arm-none-eabi/9.2.1/../../../arm-none-eabi/lib/thumb/v7e-m+fp/hard/libg_nano.a(lib_a-memset.o)
                0x000000000800091c                memset
 .text          0x00000000080009bc       0x68 /usr/lib/gcc/arm-none-eabi/9.2.1/../../../arm-none-eabi/lib/thumb/v7e-m+fp/hard/libg_nano.a(lib_a-printf.o)
                0x00000000080009bc                _printf_r
                0x00000000080009bc                _iprintf_r
                0x00000000080009ec                printf
                0x00000000080009ec                iprintf
 .text          0x0000000008000a24       0xf4 /usr/lib/gcc/arm-none-eabi/9.2.1/../../../arm-none-eabi/lib/thumb/v7e-m+fp/hard/libg_nano.a(lib_a-rand.o)
                0x0000000008000a24                srand
                0x0000000008000a88                rand
 .text          0x0000000008000b18      0x110 /usr/lib/gcc/arm-none-eabi/9.2.1/../../../arm-none-eabi/lib/thumb/v7e-m+fp/hard/libg_nano.a(lib_a-snprintf.o)
                0x0000000008000b18                _sniprintf_r
                0x0000000008000b18                _snprintf_r
                0x0000000008000b9c                snprintf
                0x0000000008000b9c                sniprintf
 .text          0x0000000008000c28       0x80 /usr/lib/gcc/arm-none-eabi/9.2.1/../../../arm-none-eabi/lib/thumb/v7e-m+fp/hard/libg_nano.a(lib_a-sprintf.o)
                0x0000000008000c28                _siprintf_r
                0x0000000008000c28                _sprintf_r
                0x0000000008000c64                sprintf
                0x0000000008000c64                siprintf
 *fill*         0x0000000008000ca8       0x18 
 .text          0x0000000008000cc0       0xdc /usr/lib/gcc/arm-none-eabi/9.2.1/../../../arm-none-eabi/lib/thumb/v7e-m+fp/hard/libg_nano.a(lib_a-strlen.o)
                0x0000000008000cc0                strlen
 .text          0x0000000008000d9c       0x30 /usr/lib/gcc/arm-none-eabi/9.2.1/../../../arm-none-eabi/lib/thumb/v7e-m+fp/hard/libg_nano.a(lib_a-time.o)
                0x0000000008000d9c                time
 .text          0x0000000008000dcc       0x48 /usr/lib/gcc/arm-none-eabi/9.2.1/../../../arm-none-eabi/lib/thumb/v7e-m+fp/hard/libg_nano.a(lib_a-assert.o)
                0x0000000008000dcc                __assert_func
                0x0000000008000e08                __assert
 .text          0x0000000008000e14      0x210 /usr/lib/gcc/arm-none-eabi/9.2.1/../../../arm-none-eabi/lib/thumb/v7e-m+fp/hard/libg_nano.a(lib_a-findfp.o)
                0x0000000008000e18                _cleanup_r
                0x0000000008000e28                __sfmoreglue
                0x0000000008000e58                __sfp
                0x0000000008000fd0                _cleanup
                0x0000000008000fe4                __sinit
                0x0000000008000fec                __sfp_lock_acquire
                0x0000000008000ff0                __sfp_lock_release
                0x0000000008000ff4                __sinit_lock_acquire
                0x0000000008000ff8                __sinit_lock_release
                0x0000000008000ffc                __fp_lock_all
                0x0000000008001010                __fp_unlock_all
 .text          0x0000000008001024       0x44 /usr/lib/gcc/arm-none-eabi/9.2.1/../../../arm-none-eabi/lib/thumb/v7e-m+fp/hard/libg_nano.a(lib_a-fprintf.o)
                0x0000000008001024                _fprintf_r
                0x0000000008001024                _fiprintf_r
                0x0000000008001040                fprintf
                0x0000000008001040                fiprintf
 .text          0x0000000008001068       0xa0 /usr/lib/gcc/arm-none-eabi/9.2.1/../../../arm-none-eabi/lib/thumb/v7e-m+fp/hard/libg_nano.a(lib_a-fwalk.o)
                0x0000000008001068                _fwalk
                0x00000000080010b4                _fwalk_reent
 .text          0x0000000008001108       0x28 /usr/lib/gcc/arm-none-eabi/9.2.1/../../../arm-none-eabi/lib/thumb/v7e-m+fp/hard/libg_nano.a(lib_a-gettimeofdayr.o)
                0x0000000008001108                _gettimeofday_r
 .text          0x0000000008001130       0x20 /usr/lib/gcc/arm-none-eabi/9.2.1/../../../arm-none-eabi/lib/thumb/v7e-m+fp/hard/libg_nano.a(lib_a-malloc.o)
                0x0000000008001130                malloc
                0x0000000008001140                free
 .text          0x0000000008001150       0xac /usr/lib/gcc/arm-none-eabi/9.2.1/../../../arm-none-eabi/lib/thumb/v7e-m+fp/hard/libg_nano.a(lib_a-nano-freer.o)
                0x0000000008001150                _free_r
 .text          0x00000000080011fc       0xc8 /usr/lib/gcc/arm-none-eabi/9.2.1/../../../arm-none-eabi/lib/thumb/v7e-m+fp/hard/libg_nano.a(lib_a-nano-mallocr.o)
                0x00000000080011fc                _malloc_r
 .text          0x00000000080012c4      0x42c /usr/lib/gcc/arm-none-eabi/9.2.1/../../../arm-none-eabi/lib/thumb/v7e-m+fp/hard/libg_nano.a(lib_a-nano-svfprintf.o)
                0x00000000080012c4                __ssputs_r
                0x0000000008001384                __ssprint_r
                0x000000000800147c                _svfprintf_r
                0x000000000800147c                _svfiprintf_r
 .text          0x00000000080016f0      0x364 /usr/lib/gcc/arm-none-eabi/9.2.1/../../../arm-none-eabi/lib/thumb/v7e-m+fp/hard/libg_nano.a(lib_a-nano-vfprintf.o)
                0x000000000800172c                __sfputs_r
                0x000000000800175c                __sprint_r
                0x0000000008001778                _vfiprintf_r
                0x0000000008001778                _vfprintf_r
                0x0000000008001a3c                vfiprintf
                0x0000000008001a3c                vfprintf
 .text          0x0000000008001a54      0x3c4 /usr/lib/gcc/arm-none-eabi/9.2.1/../../../arm-none-eabi/lib/thumb/v7e-m+fp/hard/libg_nano.a(lib_a-nano-vfprintf_i.o)
                0x0000000008001a54                _printf_common
                0x0000000008001b80                _printf_i
 .text          0x0000000008001e18       0x24 /usr/lib/gcc/arm-none-eabi/9.2.1/../../../arm-none-eabi/lib/thumb/v7e-m+fp/hard/libg_nano.a(lib_a-sbrkr.o)
                0x0000000008001e18                _sbrk_r
 .text          0x0000000008001e3c       0x90 /usr/lib/gcc/arm-none-eabi/9.2.1/../../../arm-none-eabi/lib/thumb/v7e-m+fp/hard/libg_nano.a(lib_a-stdio.o)
                0x0000000008001e3c                __sread
                0x0000000008001e60                __seofread
                0x0000000008001e64                __swrite
                0x0000000008001ea4                __sseek
                0x0000000008001ec4                __sclose
 .text          0x0000000008001ecc       0xc0 /usr/lib/gcc/arm-none-eabi/9.2.1/../../../arm-none-eabi/lib/thumb/v7e-m+fp/hard/libg_nano.a(lib_a-wbuf.o)
                0x0000000008001ecc                __swbuf_r
                0x0000000008001f7c                __swbuf
 .text          0x0000000008001f8c       0x2c /usr/lib/gcc/arm-none-eabi/9.2.1/../../../arm-none-eabi/lib/thumb/v7e-m+fp/hard/libg_nano.a(lib_a-writer.o)
                0x0000000008001f8c                _write_r
 .text          0x0000000008001fb8      0x100 /usr/lib/gcc/arm-none-eabi/9.2.1/../../../arm-none-eabi/lib/thumb/v7e-m+fp/hard/libg_nano.a(lib_a-wsetup.o)
                0x0000000008001fb8                __swsetup_r
 .text          0x00000000080020b8       0x10 /usr/lib/gcc/arm-none-eabi/9.2.1/../../../arm-none-eabi/lib/thumb/v7e-m+fp/hard/libg_nano.a(lib_a-abort.o)
                0x00000000080020b8                abort
 .text          0x00000000080020c8       0x24 /usr/lib/gcc/arm-none-eabi/9.2.1/../../../arm-none-eabi/lib/thumb/v7e-m+fp/hard/libg_nano.a(lib_a-closer.o)
                0x00000000080020c8                _close_r
 .text          0x00000000080020ec      0x1b0 /usr/lib/gcc/arm-none-eabi/9.2.1/../../../arm-none-eabi/lib/thumb/v7e-m+fp/hard/libg_nano.a(lib_a-fflush.o)
                0x00000000080020ec                __sflush_r
                0x0000000008002218                _fflush_r
                0x0000000008002278                fflush
 .text          0x000000000800229c      0x308 /usr/lib/gcc/arm-none-eabi/9.2.1/../../../arm-none-eabi/lib/thumb/v7e-m+fp/hard/libg_nano.a(lib_a-fvwrite.o)
                0x000000000800229c                __sfvwrite_r
 .text          0x00000000080025a4       0x2c /usr/lib/gcc/arm-none-eabi/9.2.1/../../../arm-none-eabi/lib/thumb/v7e-m+fp/hard/libg_nano.a(lib_a-lseekr.o)
                0x00000000080025a4                _lseek_r
 .text          0x00000000080025d0       0xf0 /usr/lib/gcc/arm-none-eabi/9.2.1/../../../arm-none-eabi/lib/thumb/v7e-m+fp/hard/libg_nano.a(lib_a-makebuf.o)
                0x00000000080025d0                __swhatbuf_r
                0x000000000800262c                __smakebuf_r
 .text          0x00000000080026c0       0xa0 /usr/lib/gcc/arm-none-eabi/9.2.1/../../../arm-none-eabi/lib/thumb/v7e-m+fp/hard/libg_nano.a(lib_a-memchr.o)
                0x00000000080026c0                memchr
 .text          0x0000000008002760       0xd0 /usr/lib/gcc/arm-none-eabi/9.2.1/../../../arm-none-eabi/lib/thumb/v7e-m+fp/hard/libg_nano.a(lib_a-memmove.o)
                0x0000000008002760                memmove
 .text          0x0000000008002830        0x8 /usr/lib/gcc/arm-none-eabi/9.2.1/../../../arm-none-eabi/lib/thumb/v7e-m+fp/hard/libg_nano.a(lib_a-mlock.o)
                0x0000000008002830                __malloc_lock
                0x0000000008002834                __malloc_unlock
 .text          0x0000000008002838       0x4c /usr/lib/gcc/arm-none-eabi/9.2.1/../../../arm-none-eabi/lib/thumb/v7e-m+fp/hard/libg_nano.a(lib_a-nano-reallocr.o)
                0x0000000008002838                _realloc_r
 .text          0x0000000008002884       0x2c /usr/lib/gcc/arm-none-eabi/9.2.1/../../../arm-none-eabi/lib/thumb/v7e-m+fp/hard/libg_nano.a(lib_a-readr.o)
                0x0000000008002884                _read_r
 .text          0x00000000080028b0      0x150 /usr/lib/gcc/arm-none-eabi/9.2.1/../../../arm-none-eabi/lib/thumb/v7e-m+fp/hard/libg_nano.a(lib_a-signal.o)
                0x00000000080028d8                _init_signal_r
                0x00000000080028e4                _signal_r
                0x0000000008002918                _raise_r
                0x000000000800296c                __sigtramp_r
                0x00000000080029bc                raise
                0x00000000080029cc                signal
                0x00000000080029dc                _init_signal
                0x00000000080029f0                __sigtramp
 .text          0x0000000008002a00       0x2c /usr/lib/gcc/arm-none-eabi/9.2.1/../../../arm-none-eabi/lib/thumb/v7e-m+fp/hard/libg_nano.a(lib_a-signalr.o)
                0x0000000008002a00                _kill_r
                0x0000000008002a28                _getpid_r
 .text          0x0000000008002a2c       0x28 /usr/lib/gcc/arm-none-eabi/9.2.1/../../../arm-none-eabi/lib/thumb/v7e-m+fp/hard/libg_nano.a(lib_a-fstatr.o)
                0x0000000008002a2c                _fstat_r
 .text          0x0000000008002a54       0x24 /usr/lib/gcc/arm-none-eabi/9.2.1/../../../arm-none-eabi/lib/thumb/v7e-m+fp/hard/libg_nano.a(lib_a-isattyr.o)
                0x0000000008002a54                _isatty_r
 .text          0x0000000008002a78       0x10 /usr/lib/gcc/arm-none-eabi/9.2.1/../../../arm-none-eabi/lib/thumb/v7e-m+fp/hard/libg_nano.a(lib_a-nano-msizer.o)
                0x0000000008002a78                _malloc_usable_size_r
 *(.text*)
 .text.HAL_Init
                0x0000000008002a88       0x44 lib/stm32cubef4/CMakeFiles/stm32cubef4.dir/Drivers/STM32F4xx_HAL_Driver/Src/stm32f4xx_hal.c.obj
                0x0000000008002a88                HAL_Init
 .text.HAL_IncTick
                0x0000000008002acc       0x28 lib/stm32cubef4/CMakeFiles/stm32cubef4.dir/Drivers/STM32F4xx_HAL_Driver/Src/stm32f4xx_hal.c.obj
                0x0000000008002acc                HAL_IncTick
 .text.HAL_GetTick
                0x0000000008002af4       0x18 lib/stm32cubef4/CMakeFiles/stm32cubef4.dir/Drivers/STM32F4xx_HAL_Driver/Src/stm32f4xx_hal.c.obj
                0x0000000008002af4                HAL_GetTick
 .text.HAL_Delay
                0x0000000008002b0c       0x48 lib/stm32cubef4/CMakeFiles/stm32cubef4.dir/Drivers/STM32F4xx_HAL_Driver/Src/stm32f4xx_hal.c.obj
                0x0000000008002b0c                HAL_Delay
 .text.HAL_GPIO_Init
                0x0000000008002b54      0x2f8 lib/stm32cubef4/CMakeFiles/stm32cubef4.dir/Drivers/STM32F4xx_HAL_Driver/Src/stm32f4xx_hal_gpio.c.obj
                0x0000000008002b54                HAL_GPIO_Init
 .text.HAL_GPIO_EXTI_IRQHandler
                0x0000000008002e4c       0x30 lib/stm32cubef4/CMakeFiles/stm32cubef4.dir/Drivers/STM32F4xx_HAL_Driver/Src/stm32f4xx_hal_gpio.c.obj
                0x0000000008002e4c                HAL_GPIO_EXTI_IRQHandler
 .text.HAL_TIM_Base_Init
                0x0000000008002e7c       0x56 lib/stm32cubef4/CMakeFiles/stm32cubef4.dir/Drivers/STM32F4xx_HAL_Driver/Src/stm32f4xx_hal_tim.c.obj
                0x0000000008002e7c                HAL_TIM_Base_Init
 .text.HAL_TIM_Base_MspInit
                0x0000000008002ed2       0x14 lib/stm32cubef4/CMakeFiles/stm32cubef4.dir/Drivers/STM32F4xx_HAL_Driver/Src/stm32f4xx_hal_tim.c.obj
                0x0000000008002ed2                HAL_TIM_Base_MspInit
 .text.HAL_TIM_Base_Start_IT
                0x0000000008002ee6       0x48 lib/stm32cubef4/CMakeFiles/stm32cubef4.dir/Drivers/STM32F4xx_HAL_Driver/Src/stm32f4xx_hal_tim.c.obj
                0x0000000008002ee6                HAL_TIM_Base_Start_IT
 .text.HAL_TIM_PWM_Init
                0x0000000008002f2e       0x56 lib/stm32cubef4/CMakeFiles/stm32cubef4.dir/Drivers/STM32F4xx_HAL_Driver/Src/stm32f4xx_hal_tim.c.obj
                0x0000000008002f2e                HAL_TIM_PWM_Init
 .text.HAL_TIM_PWM_MspInit
                0x0000000008002f84       0x14 lib/stm32cubef4/CMakeFiles/stm32cubef4.dir/Drivers/STM32F4xx_HAL_Driver/Src/stm32f4xx_hal_tim.c.obj
                0x0000000008002f84                HAL_TIM_PWM_MspInit
 .text.HAL_TIM_PWM_Start
                0x0000000008002f98       0x7c lib/stm32cubef4/CMakeFiles/stm32cubef4.dir/Drivers/STM32F4xx_HAL_Driver/Src/stm32f4xx_hal_tim.c.obj
                0x0000000008002f98                HAL_TIM_PWM_Start
 .text.HAL_TIM_IRQHandler
                0x0000000008003014      0x210 lib/stm32cubef4/CMakeFiles/stm32cubef4.dir/Drivers/STM32F4xx_HAL_Driver/Src/stm32f4xx_hal_tim.c.obj
                0x0000000008003014                HAL_TIM_IRQHandler
 .text.HAL_TIM_PWM_ConfigChannel
                0x0000000008003224      0x18c lib/stm32cubef4/CMakeFiles/stm32cubef4.dir/Drivers/STM32F4xx_HAL_Driver/Src/stm32f4xx_hal_tim.c.obj
                0x0000000008003224                HAL_TIM_PWM_ConfigChannel
 .text.HAL_TIM_OC_DelayElapsedCallback
                0x00000000080033b0       0x14 lib/stm32cubef4/CMakeFiles/stm32cubef4.dir/Drivers/STM32F4xx_HAL_Driver/Src/stm32f4xx_hal_tim.c.obj
                0x00000000080033b0                HAL_TIM_OC_DelayElapsedCallback
 .text.HAL_TIM_IC_CaptureCallback
                0x00000000080033c4       0x14 lib/stm32cubef4/CMakeFiles/stm32cubef4.dir/Drivers/STM32F4xx_HAL_Driver/Src/stm32f4xx_hal_tim.c.obj
                0x00000000080033c4                HAL_TIM_IC_CaptureCallback
 .text.HAL_TIM_PWM_PulseFinishedCallback
                0x00000000080033d8       0x14 lib/stm32cubef4/CMakeFiles/stm32cubef4.dir/Drivers/STM32F4xx_HAL_Driver/Src/stm32f4xx_hal_tim.c.obj
                0x00000000080033d8                HAL_TIM_PWM_PulseFinishedCallback
 .text.HAL_TIM_TriggerCallback
                0x00000000080033ec       0x14 lib/stm32cubef4/CMakeFiles/stm32cubef4.dir/Drivers/STM32F4xx_HAL_Driver/Src/stm32f4xx_hal_tim.c.obj
                0x00000000080033ec                HAL_TIM_TriggerCallback
 .text.TIM_Base_SetConfig
                0x0000000008003400      0x140 lib/stm32cubef4/CMakeFiles/stm32cubef4.dir/Drivers/STM32F4xx_HAL_Driver/Src/stm32f4xx_hal_tim.c.obj
                0x0000000008003400                TIM_Base_SetConfig
 .text.TIM_OC1_SetConfig
                0x0000000008003540       0xe0 lib/stm32cubef4/CMakeFiles/stm32cubef4.dir/Drivers/STM32F4xx_HAL_Driver/Src/stm32f4xx_hal_tim.c.obj
 .text.TIM_OC2_SetConfig
                0x0000000008003620       0xec lib/stm32cubef4/CMakeFiles/stm32cubef4.dir/Drivers/STM32F4xx_HAL_Driver/Src/stm32f4xx_hal_tim.c.obj
                0x0000000008003620                TIM_OC2_SetConfig
 .text.TIM_OC3_SetConfig
                0x000000000800370c       0xe8 lib/stm32cubef4/CMakeFiles/stm32cubef4.dir/Drivers/STM32F4xx_HAL_Driver/Src/stm32f4xx_hal_tim.c.obj
 .text.TIM_OC4_SetConfig
                0x00000000080037f4       0xac lib/stm32cubef4/CMakeFiles/stm32cubef4.dir/Drivers/STM32F4xx_HAL_Driver/Src/stm32f4xx_hal_tim.c.obj
 .text.TIM_CCxChannelCmd
                0x00000000080038a0       0x4a lib/stm32cubef4/CMakeFiles/stm32cubef4.dir/Drivers/STM32F4xx_HAL_Driver/Src/stm32f4xx_hal_tim.c.obj
                0x00000000080038a0                TIM_CCxChannelCmd
 .text.HAL_TIMEx_CommutCallback
                0x00000000080038ea       0x14 lib/stm32cubef4/CMakeFiles/stm32cubef4.dir/Drivers/STM32F4xx_HAL_Driver/Src/stm32f4xx_hal_tim_ex.c.obj
                0x00000000080038ea                HAL_TIMEx_CommutCallback
 .text.HAL_TIMEx_BreakCallback
                0x00000000080038fe       0x14 lib/stm32cubef4/CMakeFiles/stm32cubef4.dir/Drivers/STM32F4xx_HAL_Driver/Src/stm32f4xx_hal_tim_ex.c.obj
                0x00000000080038fe                HAL_TIMEx_BreakCallback
 *fill*         0x0000000008003912        0x2 
 .text.HAL_InitTick
                0x0000000008003914       0xcc lib/stm32cubef4/CMakeFiles/stm32cubef4.dir/Drivers/STM32F4xx_HAL_Driver/Src/stm32f4xx_hal_timebase_tim.c.obj
                0x0000000008003914                HAL_InitTick
 .text.HAL_TIM_PeriodElapsedCallback
                0x00000000080039e0       0x14 lib/stm32cubef4/CMakeFiles/stm32cubef4.dir/Drivers/STM32F4xx_HAL_Driver/Src/stm32f4xx_hal_timebase_tim.c.obj
                0x00000000080039e0                HAL_TIM_PeriodElapsedCallback
 .text.TIM6_IRQHandler
                0x00000000080039f4       0x14 lib/stm32cubef4/CMakeFiles/stm32cubef4.dir/Drivers/STM32F4xx_HAL_Driver/Src/stm32f4xx_hal_timebase_tim.c.obj
                0x00000000080039f4                TIM6_IRQHandler
 .text.HAL_UART_Init
                0x0000000008003a08       0x9a lib/stm32cubef4/CMakeFiles/stm32cubef4.dir/Drivers/STM32F4xx_HAL_Driver/Src/stm32f4xx_hal_uart.c.obj
                0x0000000008003a08                HAL_UART_Init
 .text.HAL_UART_Transmit
                0x0000000008003aa2      0x132 lib/stm32cubef4/CMakeFiles/stm32cubef4.dir/Drivers/STM32F4xx_HAL_Driver/Src/stm32f4xx_hal_uart.c.obj
                0x0000000008003aa2                HAL_UART_Transmit
 .text.HAL_UART_Receive
                0x0000000008003bd4      0x14c lib/stm32cubef4/CMakeFiles/stm32cubef4.dir/Drivers/STM32F4xx_HAL_Driver/Src/stm32f4xx_hal_uart.c.obj
                0x0000000008003bd4                HAL_UART_Receive
 .text.UART_WaitOnFlagUntilTimeout
                0x0000000008003d20       0x94 lib/stm32cubef4/CMakeFiles/stm32cubef4.dir/Drivers/STM32F4xx_HAL_Driver/Src/stm32f4xx_hal_uart.c.obj
 .text.UART_SetConfig
                0x0000000008003db4      0x738 lib/stm32cubef4/CMakeFiles/stm32cubef4.dir/Drivers/STM32F4xx_HAL_Driver/Src/stm32f4xx_hal_uart.c.obj
 .text.HAL_I2C_Init
                0x00000000080044ec      0x288 lib/stm32cubef4/CMakeFiles/stm32cubef4.dir/Drivers/STM32F4xx_HAL_Driver/Src/stm32f4xx_hal_i2c.c.obj
                0x00000000080044ec                HAL_I2C_Init
 .text.HAL_I2C_Mem_Write
                0x0000000008004774      0x1f4 lib/stm32cubef4/CMakeFiles/stm32cubef4.dir/Drivers/STM32F4xx_HAL_Driver/Src/stm32f4xx_hal_i2c.c.obj
                0x0000000008004774                HAL_I2C_Mem_Write
 .text.HAL_I2C_Mem_Read
                0x0000000008004968      0x44c lib/stm32cubef4/CMakeFiles/stm32cubef4.dir/Drivers/STM32F4xx_HAL_Driver/Src/stm32f4xx_hal_i2c.c.obj
                0x0000000008004968                HAL_I2C_Mem_Read
 .text.HAL_I2C_IsDeviceReady
                0x0000000008004db4      0x25c lib/stm32cubef4/CMakeFiles/stm32cubef4.dir/Drivers/STM32F4xx_HAL_Driver/Src/stm32f4xx_hal_i2c.c.obj
                0x0000000008004db4                HAL_I2C_IsDeviceReady
 .text.I2C_RequestMemoryWrite
                0x0000000008005010      0x12c lib/stm32cubef4/CMakeFiles/stm32cubef4.dir/Drivers/STM32F4xx_HAL_Driver/Src/stm32f4xx_hal_i2c.c.obj
 .text.I2C_RequestMemoryRead
                0x000000000800513c      0x1d0 lib/stm32cubef4/CMakeFiles/stm32cubef4.dir/Drivers/STM32F4xx_HAL_Driver/Src/stm32f4xx_hal_i2c.c.obj
 .text.I2C_WaitOnFlagUntilTimeout
                0x000000000800530c       0xae lib/stm32cubef4/CMakeFiles/stm32cubef4.dir/Drivers/STM32F4xx_HAL_Driver/Src/stm32f4xx_hal_i2c.c.obj
 .text.I2C_WaitOnMasterAddressFlagUntilTimeout
                0x00000000080053ba       0xfe lib/stm32cubef4/CMakeFiles/stm32cubef4.dir/Drivers/STM32F4xx_HAL_Driver/Src/stm32f4xx_hal_i2c.c.obj
 .text.I2C_WaitOnTXEFlagUntilTimeout
                0x00000000080054b8       0x82 lib/stm32cubef4/CMakeFiles/stm32cubef4.dir/Drivers/STM32F4xx_HAL_Driver/Src/stm32f4xx_hal_i2c.c.obj
 .text.I2C_WaitOnBTFFlagUntilTimeout
                0x000000000800553a       0x82 lib/stm32cubef4/CMakeFiles/stm32cubef4.dir/Drivers/STM32F4xx_HAL_Driver/Src/stm32f4xx_hal_i2c.c.obj
 .text.I2C_WaitOnRXNEFlagUntilTimeout
                0x00000000080055bc       0xac lib/stm32cubef4/CMakeFiles/stm32cubef4.dir/Drivers/STM32F4xx_HAL_Driver/Src/stm32f4xx_hal_i2c.c.obj
 .text.I2C_IsAcknowledgeFailed
                0x0000000008005668       0x5e lib/stm32cubef4/CMakeFiles/stm32cubef4.dir/Drivers/STM32F4xx_HAL_Driver/Src/stm32f4xx_hal_i2c.c.obj
 *fill*         0x00000000080056c6        0x2 
 .text.__NVIC_SetPriorityGrouping
                0x00000000080056c8       0x48 lib/stm32cubef4/CMakeFiles/stm32cubef4.dir/Drivers/STM32F4xx_HAL_Driver/Src/stm32f4xx_hal_cortex.c.obj
 .text.__NVIC_GetPriorityGrouping
                0x0000000008005710       0x1c lib/stm32cubef4/CMakeFiles/stm32cubef4.dir/Drivers/STM32F4xx_HAL_Driver/Src/stm32f4xx_hal_cortex.c.obj
 .text.__NVIC_EnableIRQ
                0x000000000800572c       0x3c lib/stm32cubef4/CMakeFiles/stm32cubef4.dir/Drivers/STM32F4xx_HAL_Driver/Src/stm32f4xx_hal_cortex.c.obj
 .text.__NVIC_SetPriority
                0x0000000008005768       0x54 lib/stm32cubef4/CMakeFiles/stm32cubef4.dir/Drivers/STM32F4xx_HAL_Driver/Src/stm32f4xx_hal_cortex.c.obj
 .text.NVIC_EncodePriority
                0x00000000080057bc       0x66 lib/stm32cubef4/CMakeFiles/stm32cubef4.dir/Drivers/STM32F4xx_HAL_Driver/Src/stm32f4xx_hal_cortex.c.obj
 .text.HAL_NVIC_SetPriorityGrouping
                0x0000000008005822       0x16 lib/stm32cubef4/CMakeFiles/stm32cubef4.dir/Drivers/STM32F4xx_HAL_Driver/Src/stm32f4xx_hal_cortex.c.obj
                0x0000000008005822                HAL_NVIC_SetPriorityGrouping
 .text.HAL_NVIC_SetPriority
                0x0000000008005838       0x38 lib/stm32cubef4/CMakeFiles/stm32cubef4.dir/Drivers/STM32F4xx_HAL_Driver/Src/stm32f4xx_hal_cortex.c.obj
                0x0000000008005838                HAL_NVIC_SetPriority
 .text.HAL_NVIC_EnableIRQ
                0x0000000008005870       0x1c lib/stm32cubef4/CMakeFiles/stm32cubef4.dir/Drivers/STM32F4xx_HAL_Driver/Src/stm32f4xx_hal_cortex.c.obj
                0x0000000008005870                HAL_NVIC_EnableIRQ
 .text.HAL_RCC_ClockConfig
                0x000000000800588c      0x1cc lib/stm32cubef4/CMakeFiles/stm32cubef4.dir/Drivers/STM32F4xx_HAL_Driver/Src/stm32f4xx_hal_rcc.c.obj
                0x000000000800588c                HAL_RCC_ClockConfig
 .text.HAL_RCC_GetSysClockFreq
                0x0000000008005a58      0x16c lib/stm32cubef4/CMakeFiles/stm32cubef4.dir/Drivers/STM32F4xx_HAL_Driver/Src/stm32f4xx_hal_rcc.c.obj
                0x0000000008005a58                HAL_RCC_GetSysClockFreq
 .text.HAL_RCC_GetHCLKFreq
                0x0000000008005bc4       0x18 lib/stm32cubef4/CMakeFiles/stm32cubef4.dir/Drivers/STM32F4xx_HAL_Driver/Src/stm32f4xx_hal_rcc.c.obj
                0x0000000008005bc4                HAL_RCC_GetHCLKFreq
 .text.HAL_RCC_GetPCLK1Freq
                0x0000000008005bdc       0x28 lib/stm32cubef4/CMakeFiles/stm32cubef4.dir/Drivers/STM32F4xx_HAL_Driver/Src/stm32f4xx_hal_rcc.c.obj
                0x0000000008005bdc                HAL_RCC_GetPCLK1Freq
 .text.HAL_RCC_GetPCLK2Freq
                0x0000000008005c04       0x28 lib/stm32cubef4/CMakeFiles/stm32cubef4.dir/Drivers/STM32F4xx_HAL_Driver/Src/stm32f4xx_hal_rcc.c.obj
                0x0000000008005c04                HAL_RCC_GetPCLK2Freq
 .text.HAL_RCC_GetClockConfig
                0x0000000008005c2c       0x64 lib/stm32cubef4/CMakeFiles/stm32cubef4.dir/Drivers/STM32F4xx_HAL_Driver/Src/stm32f4xx_hal_rcc.c.obj
                0x0000000008005c2c                HAL_RCC_GetClockConfig
 .text.HAL_RCC_OscConfig
                0x0000000008005c90      0x484 lib/stm32cubef4/CMakeFiles/stm32cubef4.dir/Drivers/STM32F4xx_HAL_Driver/Src/stm32f4xx_hal_rcc_ex.c.obj
                0x0000000008005c90                HAL_RCC_OscConfig
 .text.lps22hb_read_reg
                0x0000000008006114       0x30 lib/mxchip_bsp/CMakeFiles/mxchip_bsp.dir/stm_sensor/Src/lps22hb_reg.c.obj
                0x0000000008006114                lps22hb_read_reg
 .text.lps22hb_write_reg
                0x0000000008006144       0x30 lib/mxchip_bsp/CMakeFiles/mxchip_bsp.dir/stm_sensor/Src/lps22hb_reg.c.obj
                0x0000000008006144                lps22hb_write_reg
 .text.lps22hb_low_pass_filter_mode_set
                0x0000000008006174       0x4c lib/mxchip_bsp/CMakeFiles/mxchip_bsp.dir/stm_sensor/Src/lps22hb_reg.c.obj
                0x0000000008006174                lps22hb_low_pass_filter_mode_set
 .text.lps22hb_data_rate_set
                0x00000000080061c0       0x4c lib/mxchip_bsp/CMakeFiles/mxchip_bsp.dir/stm_sensor/Src/lps22hb_reg.c.obj
                0x00000000080061c0                lps22hb_data_rate_set
 .text.lps22hb_device_id_get
                0x000000000800620c       0x22 lib/mxchip_bsp/CMakeFiles/mxchip_bsp.dir/stm_sensor/Src/lps22hb_reg.c.obj
                0x000000000800620c                lps22hb_device_id_get
 .text.lps22hb_reset_set
                0x000000000800622e       0x4c lib/mxchip_bsp/CMakeFiles/mxchip_bsp.dir/stm_sensor/Src/lps22hb_reg.c.obj
                0x000000000800622e                lps22hb_reset_set
 .text.lps22hb_reset_get
                0x000000000800627a       0x32 lib/mxchip_bsp/CMakeFiles/mxchip_bsp.dir/stm_sensor/Src/lps22hb_reg.c.obj
                0x000000000800627a                lps22hb_reset_get
 .text.hts221_read_reg
                0x00000000080062ac       0x30 lib/mxchip_bsp/CMakeFiles/mxchip_bsp.dir/stm_sensor/Src/hts221_reg.c.obj
                0x00000000080062ac                hts221_read_reg
 .text.hts221_write_reg
                0x00000000080062dc       0x30 lib/mxchip_bsp/CMakeFiles/mxchip_bsp.dir/stm_sensor/Src/hts221_reg.c.obj
                0x00000000080062dc                hts221_write_reg
 .text.hts221_data_rate_set
                0x000000000800630c       0x4c lib/mxchip_bsp/CMakeFiles/mxchip_bsp.dir/stm_sensor/Src/hts221_reg.c.obj
                0x000000000800630c                hts221_data_rate_set
 .text.hts221_block_data_update_set
                0x0000000008006358       0x4c lib/mxchip_bsp/CMakeFiles/mxchip_bsp.dir/stm_sensor/Src/hts221_reg.c.obj
                0x0000000008006358                hts221_block_data_update_set
 .text.hts221_device_id_get
                0x00000000080063a4       0x22 lib/mxchip_bsp/CMakeFiles/mxchip_bsp.dir/stm_sensor/Src/hts221_reg.c.obj
                0x00000000080063a4                hts221_device_id_get
 .text.hts221_power_on_set
                0x00000000080063c6       0x4c lib/mxchip_bsp/CMakeFiles/mxchip_bsp.dir/stm_sensor/Src/hts221_reg.c.obj
                0x00000000080063c6                hts221_power_on_set
 .text.hts221_hum_rh_point_0_get
                0x0000000008006412       0x3c lib/mxchip_bsp/CMakeFiles/mxchip_bsp.dir/stm_sensor/Src/hts221_reg.c.obj
                0x0000000008006412                hts221_hum_rh_point_0_get
 .text.hts221_hum_rh_point_1_get
                0x000000000800644e       0x3c lib/mxchip_bsp/CMakeFiles/mxchip_bsp.dir/stm_sensor/Src/hts221_reg.c.obj
                0x000000000800644e                hts221_hum_rh_point_1_get
 .text.hts221_temp_deg_point_0_get
                0x000000000800648a       0x62 lib/mxchip_bsp/CMakeFiles/mxchip_bsp.dir/stm_sensor/Src/hts221_reg.c.obj
                0x000000000800648a                hts221_temp_deg_point_0_get
 .text.hts221_temp_deg_point_1_get
                0x00000000080064ec       0x62 lib/mxchip_bsp/CMakeFiles/mxchip_bsp.dir/stm_sensor/Src/hts221_reg.c.obj
                0x00000000080064ec                hts221_temp_deg_point_1_get
 .text.hts221_hum_adc_point_0_get
                0x000000000800654e       0x48 lib/mxchip_bsp/CMakeFiles/mxchip_bsp.dir/stm_sensor/Src/hts221_reg.c.obj
                0x000000000800654e                hts221_hum_adc_point_0_get
 .text.hts221_hum_adc_point_1_get
                0x0000000008006596       0x48 lib/mxchip_bsp/CMakeFiles/mxchip_bsp.dir/stm_sensor/Src/hts221_reg.c.obj
                0x0000000008006596                hts221_hum_adc_point_1_get
 .text.hts221_temp_adc_point_0_get
                0x00000000080065de       0x48 lib/mxchip_bsp/CMakeFiles/mxchip_bsp.dir/stm_sensor/Src/hts221_reg.c.obj
                0x00000000080065de                hts221_temp_adc_point_0_get
 .text.hts221_temp_adc_point_1_get
                0x0000000008006626       0x48 lib/mxchip_bsp/CMakeFiles/mxchip_bsp.dir/stm_sensor/Src/hts221_reg.c.obj
                0x0000000008006626                hts221_temp_adc_point_1_get
 .text.lsm6dsl_read_reg
                0x000000000800666e       0x30 lib/mxchip_bsp/CMakeFiles/mxchip_bsp.dir/stm_sensor/Src/lsm6dsl_reg.c.obj
                0x000000000800666e                lsm6dsl_read_reg
 .text.lsm6dsl_write_reg
                0x000000000800669e       0x30 lib/mxchip_bsp/CMakeFiles/mxchip_bsp.dir/stm_sensor/Src/lsm6dsl_reg.c.obj
                0x000000000800669e                lsm6dsl_write_reg
 .text.lsm6dsl_xl_full_scale_set
                0x00000000080066ce       0x4c lib/mxchip_bsp/CMakeFiles/mxchip_bsp.dir/stm_sensor/Src/lsm6dsl_reg.c.obj
                0x00000000080066ce                lsm6dsl_xl_full_scale_set
 .text.lsm6dsl_xl_data_rate_set
                0x000000000800671a       0x4c lib/mxchip_bsp/CMakeFiles/mxchip_bsp.dir/stm_sensor/Src/lsm6dsl_reg.c.obj
                0x000000000800671a                lsm6dsl_xl_data_rate_set
 .text.lsm6dsl_gy_full_scale_set
                0x0000000008006766       0x4c lib/mxchip_bsp/CMakeFiles/mxchip_bsp.dir/stm_sensor/Src/lsm6dsl_reg.c.obj
                0x0000000008006766                lsm6dsl_gy_full_scale_set
 .text.lsm6dsl_gy_data_rate_set
                0x00000000080067b2       0x4c lib/mxchip_bsp/CMakeFiles/mxchip_bsp.dir/stm_sensor/Src/lsm6dsl_reg.c.obj
                0x00000000080067b2                lsm6dsl_gy_data_rate_set
 .text.lsm6dsl_block_data_update_set
                0x00000000080067fe       0x4c lib/mxchip_bsp/CMakeFiles/mxchip_bsp.dir/stm_sensor/Src/lsm6dsl_reg.c.obj
                0x00000000080067fe                lsm6dsl_block_data_update_set
 .text.lsm6dsl_device_id_get
                0x000000000800684a       0x22 lib/mxchip_bsp/CMakeFiles/mxchip_bsp.dir/stm_sensor/Src/lsm6dsl_reg.c.obj
                0x000000000800684a                lsm6dsl_device_id_get
 .text.lsm6dsl_reset_set
                0x000000000800686c       0x4c lib/mxchip_bsp/CMakeFiles/mxchip_bsp.dir/stm_sensor/Src/lsm6dsl_reg.c.obj
                0x000000000800686c                lsm6dsl_reset_set
 .text.lsm6dsl_reset_get
                0x00000000080068b8       0x32 lib/mxchip_bsp/CMakeFiles/mxchip_bsp.dir/stm_sensor/Src/lsm6dsl_reg.c.obj
                0x00000000080068b8                lsm6dsl_reset_get
 .text.lsm6dsl_xl_filter_analog_set
                0x00000000080068ea       0x4c lib/mxchip_bsp/CMakeFiles/mxchip_bsp.dir/stm_sensor/Src/lsm6dsl_reg.c.obj
                0x00000000080068ea                lsm6dsl_xl_filter_analog_set
 .text.lsm6dsl_xl_lp2_bandwidth_set
                0x0000000008006936       0x6e lib/mxchip_bsp/CMakeFiles/mxchip_bsp.dir/stm_sensor/Src/lsm6dsl_reg.c.obj
                0x0000000008006936                lsm6dsl_xl_lp2_bandwidth_set
 .text.lsm6dsl_gy_band_pass_set
                0x00000000080069a4       0xdc lib/mxchip_bsp/CMakeFiles/mxchip_bsp.dir/stm_sensor/Src/lsm6dsl_reg.c.obj
                0x00000000080069a4                lsm6dsl_gy_band_pass_set
 .text.lis2mdl_read_reg
                0x0000000008006a80       0x30 lib/mxchip_bsp/CMakeFiles/mxchip_bsp.dir/stm_sensor/Src/lis2mdl_reg.c.obj
                0x0000000008006a80                lis2mdl_read_reg
 .text.lis2mdl_write_reg
                0x0000000008006ab0       0x30 lib/mxchip_bsp/CMakeFiles/mxchip_bsp.dir/stm_sensor/Src/lis2mdl_reg.c.obj
                0x0000000008006ab0                lis2mdl_write_reg
 .text.lis2mdl_operating_mode_set
                0x0000000008006ae0       0x4c lib/mxchip_bsp/CMakeFiles/mxchip_bsp.dir/stm_sensor/Src/lis2mdl_reg.c.obj
                0x0000000008006ae0                lis2mdl_operating_mode_set
 .text.lis2mdl_data_rate_set
                0x0000000008006b2c       0x4c lib/mxchip_bsp/CMakeFiles/mxchip_bsp.dir/stm_sensor/Src/lis2mdl_reg.c.obj
                0x0000000008006b2c                lis2mdl_data_rate_set
 .text.lis2mdl_offset_temp_comp_set
                0x0000000008006b78       0x4c lib/mxchip_bsp/CMakeFiles/mxchip_bsp.dir/stm_sensor/Src/lis2mdl_reg.c.obj
                0x0000000008006b78                lis2mdl_offset_temp_comp_set
 .text.lis2mdl_set_rst_mode_set
                0x0000000008006bc4       0x4c lib/mxchip_bsp/CMakeFiles/mxchip_bsp.dir/stm_sensor/Src/lis2mdl_reg.c.obj
                0x0000000008006bc4                lis2mdl_set_rst_mode_set
 .text.lis2mdl_block_data_update_set
                0x0000000008006c10       0x4c lib/mxchip_bsp/CMakeFiles/mxchip_bsp.dir/stm_sensor/Src/lis2mdl_reg.c.obj
                0x0000000008006c10                lis2mdl_block_data_update_set
 .text.lis2mdl_device_id_get
                0x0000000008006c5c       0x22 lib/mxchip_bsp/CMakeFiles/mxchip_bsp.dir/stm_sensor/Src/lis2mdl_reg.c.obj
                0x0000000008006c5c                lis2mdl_device_id_get
 .text.lis2mdl_reset_set
                0x0000000008006c7e       0x4c lib/mxchip_bsp/CMakeFiles/mxchip_bsp.dir/stm_sensor/Src/lis2mdl_reg.c.obj
                0x0000000008006c7e                lis2mdl_reset_set
 .text.lis2mdl_reset_get
                0x0000000008006cca       0x32 lib/mxchip_bsp/CMakeFiles/mxchip_bsp.dir/stm_sensor/Src/lis2mdl_reg.c.obj
                0x0000000008006cca                lis2mdl_reset_get
 .text.platform_write
                0x0000000008006cfc       0x48 lib/mxchip_bsp/CMakeFiles/mxchip_bsp.dir/stm_sensor/Src/lsm6dsl_read_data_polling.c.obj
 .text.platform_read
                0x0000000008006d44       0x48 lib/mxchip_bsp/CMakeFiles/mxchip_bsp.dir/stm_sensor/Src/lsm6dsl_read_data_polling.c.obj
 .text.lsm6dsl_config
                0x0000000008006d8c       0x94 lib/mxchip_bsp/CMakeFiles/mxchip_bsp.dir/stm_sensor/Src/lsm6dsl_read_data_polling.c.obj
                0x0000000008006d8c                lsm6dsl_config
 .text.lps22hb_config
                0x0000000008006e20       0x64 lib/mxchip_bsp/CMakeFiles/mxchip_bsp.dir/stm_sensor/Src/lps22hb_read_data_polling.c.obj
                0x0000000008006e20                lps22hb_config
 .text.platform_write
                0x0000000008006e84       0x48 lib/mxchip_bsp/CMakeFiles/mxchip_bsp.dir/stm_sensor/Src/lps22hb_read_data_polling.c.obj
 .text.platform_read
                0x0000000008006ecc       0x48 lib/mxchip_bsp/CMakeFiles/mxchip_bsp.dir/stm_sensor/Src/lps22hb_read_data_polling.c.obj
 .text.hts221_config
                0x0000000008006f14       0xb0 lib/mxchip_bsp/CMakeFiles/mxchip_bsp.dir/stm_sensor/Src/hts221_read_data_polling.c.obj
                0x0000000008006f14                hts221_config
 .text.platform_write
                0x0000000008006fc4       0x50 lib/mxchip_bsp/CMakeFiles/mxchip_bsp.dir/stm_sensor/Src/hts221_read_data_polling.c.obj
 .text.platform_read
                0x0000000008007014       0x50 lib/mxchip_bsp/CMakeFiles/mxchip_bsp.dir/stm_sensor/Src/hts221_read_data_polling.c.obj
 .text.lis2mdl_config
                0x0000000008007064       0x88 lib/mxchip_bsp/CMakeFiles/mxchip_bsp.dir/stm_sensor/Src/lis2mdl_read_data_polling.c.obj
                0x0000000008007064                lis2mdl_config
 .text.platform_write
                0x00000000080070ec       0x50 lib/mxchip_bsp/CMakeFiles/mxchip_bsp.dir/stm_sensor/Src/lis2mdl_read_data_polling.c.obj
 .text.platform_read
                0x000000000800713c       0x50 lib/mxchip_bsp/CMakeFiles/mxchip_bsp.dir/stm_sensor/Src/lis2mdl_read_data_polling.c.obj
 .text.ssd1306_Reset
                0x000000000800718c        0xe lib/mxchip_bsp/CMakeFiles/mxchip_bsp.dir/ssd1306/ssd1306.c.obj
                0x000000000800718c                ssd1306_Reset
 *fill*         0x000000000800719a        0x2 
 .text.ssd1306_WriteCommand
                0x000000000800719c       0x30 lib/mxchip_bsp/CMakeFiles/mxchip_bsp.dir/ssd1306/ssd1306.c.obj
                0x000000000800719c                ssd1306_WriteCommand
 .text.ssd1306_WriteData
                0x00000000080071cc       0x34 lib/mxchip_bsp/CMakeFiles/mxchip_bsp.dir/ssd1306/ssd1306.c.obj
                0x00000000080071cc                ssd1306_WriteData
 .text.ssd1306_Init
                0x0000000008007200       0xd4 lib/mxchip_bsp/CMakeFiles/mxchip_bsp.dir/ssd1306/ssd1306.c.obj
                0x0000000008007200                ssd1306_Init
 .text.ssd1306_Fill
                0x00000000080072d4       0x48 lib/mxchip_bsp/CMakeFiles/mxchip_bsp.dir/ssd1306/ssd1306.c.obj
                0x00000000080072d4                ssd1306_Fill
 .text.ssd1306_UpdateScreen
                0x000000000800731c       0x50 lib/mxchip_bsp/CMakeFiles/mxchip_bsp.dir/ssd1306/ssd1306.c.obj
                0x000000000800731c                ssd1306_UpdateScreen
 .text.ssd1306_DrawPixel
                0x000000000800736c       0xc0 lib/mxchip_bsp/CMakeFiles/mxchip_bsp.dir/ssd1306/ssd1306.c.obj
                0x000000000800736c                ssd1306_DrawPixel
 .text.ssd1306_WriteChar
                0x000000000800742c      0x110 lib/mxchip_bsp/CMakeFiles/mxchip_bsp.dir/ssd1306/ssd1306.c.obj
                0x000000000800742c                ssd1306_WriteChar
 .text.ssd1306_WriteString
                0x000000000800753c       0x4c lib/mxchip_bsp/CMakeFiles/mxchip_bsp.dir/ssd1306/ssd1306.c.obj
                0x000000000800753c                ssd1306_WriteString
 .text.ssd1306_SetCursor
                0x0000000008007588       0x30 lib/mxchip_bsp/CMakeFiles/mxchip_bsp.dir/ssd1306/ssd1306.c.obj
                0x0000000008007588                ssd1306_SetCursor
 .text.ssd1306_SetContrast
                0x00000000080075b8       0x26 lib/mxchip_bsp/CMakeFiles/mxchip_bsp.dir/ssd1306/ssd1306.c.obj
                0x00000000080075b8                ssd1306_SetContrast
 *fill*         0x00000000080075de        0x2 
 .text.ssd1306_SetDisplayOn
                0x00000000080075e0       0x3c lib/mxchip_bsp/CMakeFiles/mxchip_bsp.dir/ssd1306/ssd1306.c.obj
                0x00000000080075e0                ssd1306_SetDisplayOn
 .text._sbrk    0x000000000800761c       0x40 shared_src/CMakeFiles/app_common.dir/newlib_nano.c.obj
                0x000000000800761c                _sbrk
 .text._close   0x000000000800765c       0x18 shared_src/CMakeFiles/app_common.dir/newlib_nano.c.obj
                0x000000000800765c                close
                0x000000000800765c                _close
 .text._fstat   0x0000000008007674       0x20 shared_src/CMakeFiles/app_common.dir/newlib_nano.c.obj
                0x0000000008007674                _fstat
                0x0000000008007674                fstat
 .text._isatty  0x0000000008007694       0x16 shared_src/CMakeFiles/app_common.dir/newlib_nano.c.obj
                0x0000000008007694                isatty
                0x0000000008007694                _isatty
 .text._lseek   0x00000000080076aa       0x1a shared_src/CMakeFiles/app_common.dir/newlib_nano.c.obj
                0x00000000080076aa                lseek
                0x00000000080076aa                _lseek
 .text._exit    0x00000000080076c4       0x18 shared_src/CMakeFiles/app_common.dir/newlib_nano.c.obj
                0x00000000080076c4                _exit
 .text._kill    0x00000000080076dc       0x16 shared_src/CMakeFiles/app_common.dir/newlib_nano.c.obj
                0x00000000080076dc                kill
                0x00000000080076dc                _kill
 .text._getpid  0x00000000080076f2       0x12 shared_src/CMakeFiles/app_common.dir/newlib_nano.c.obj
                0x00000000080076f2                _getpid
                0x00000000080076f2                getpid
 .text.SystemInit
                0x0000000008007704       0x2c app/CMakeFiles/mxchip_azure_iot.dir/startup/system_stm32f4xx.c.obj
                0x0000000008007704                SystemInit
 .text.Reset_Handler
                0x0000000008007730       0x54 app/CMakeFiles/mxchip_azure_iot.dir/startup/startup_stm32f412rx.s.obj
                0x0000000008007730                Reset_Handler
 .text.Default_Handler
                0x0000000008007784        0x2 app/CMakeFiles/mxchip_azure_iot.dir/startup/startup_stm32f412rx.s.obj
                0x0000000008007784                RTC_Alarm_IRQHandler
                0x0000000008007784                EXTI2_IRQHandler
                0x0000000008007784                TIM8_CC_IRQHandler
                0x0000000008007784                DebugMon_Handler
                0x0000000008007784                FMPI2C1_EV_IRQHandler
                0x0000000008007784                SPI4_IRQHandler
                0x0000000008007784                TIM1_CC_IRQHandler
                0x0000000008007784                DMA2_Stream5_IRQHandler
                0x0000000008007784                HardFault_Handler
                0x0000000008007784                DMA1_Stream5_IRQHandler
                0x0000000008007784                PVD_IRQHandler
                0x0000000008007784                SDIO_IRQHandler
                0x0000000008007784                TAMP_STAMP_IRQHandler
                0x0000000008007784                NMI_Handler
                0x0000000008007784                CAN2_RX1_IRQHandler
                0x0000000008007784                EXTI3_IRQHandler
                0x0000000008007784                TIM8_TRG_COM_TIM14_IRQHandler
                0x0000000008007784                DFSDM1_FLT1_IRQHandler
                0x0000000008007784                TIM1_UP_TIM10_IRQHandler
                0x0000000008007784                TIM8_UP_TIM13_IRQHandler
                0x0000000008007784                I2C3_ER_IRQHandler
                0x0000000008007784                EXTI0_IRQHandler
                0x0000000008007784                I2C2_EV_IRQHandler
                0x0000000008007784                DMA1_Stream2_IRQHandler
                0x0000000008007784                CAN1_RX0_IRQHandler
                0x0000000008007784                FPU_IRQHandler
                0x0000000008007784                UsageFault_Handler
                0x0000000008007784                CAN2_SCE_IRQHandler
                0x0000000008007784                DMA2_Stream2_IRQHandler
                0x0000000008007784                SPI1_IRQHandler
                0x0000000008007784                TIM1_BRK_TIM9_IRQHandler
                0x0000000008007784                CAN2_RX0_IRQHandler
                0x0000000008007784                DMA2_Stream3_IRQHandler
                0x0000000008007784                USART6_IRQHandler
                0x0000000008007784                USART3_IRQHandler
                0x0000000008007784                CAN1_RX1_IRQHandler
                0x0000000008007784                DMA2_Stream0_IRQHandler
                0x0000000008007784                TIM4_IRQHandler
                0x0000000008007784                QUADSPI_IRQHandler
                0x0000000008007784                I2C1_EV_IRQHandler
                0x0000000008007784                DMA1_Stream6_IRQHandler
                0x0000000008007784                DMA1_Stream1_IRQHandler
                0x0000000008007784                TIM3_IRQHandler
                0x0000000008007784                RCC_IRQHandler
                0x0000000008007784                TIM8_BRK_TIM12_IRQHandler
                0x0000000008007784                Default_Handler
                0x0000000008007784                ADC_IRQHandler
                0x0000000008007784                DMA1_Stream7_IRQHandler
                0x0000000008007784                SPI5_IRQHandler
                0x0000000008007784                TIM7_IRQHandler
                0x0000000008007784                CAN2_TX_IRQHandler
                0x0000000008007784                TIM5_IRQHandler
                0x0000000008007784                DMA2_Stream7_IRQHandler
                0x0000000008007784                I2C3_EV_IRQHandler
                0x0000000008007784                EXTI9_5_IRQHandler
                0x0000000008007784                RTC_WKUP_IRQHandler
                0x0000000008007784                SPI2_IRQHandler
                0x0000000008007784                MemManage_Handler
                0x0000000008007784                DMA1_Stream0_IRQHandler
                0x0000000008007784                CAN1_TX_IRQHandler
                0x0000000008007784                SVC_Handler
                0x0000000008007784                FMPI2C1_ER_IRQHandler
                0x0000000008007784                RNG_IRQHandler
                0x0000000008007784                WWDG_IRQHandler
                0x0000000008007784                TIM2_IRQHandler
                0x0000000008007784                OTG_FS_WKUP_IRQHandler
                0x0000000008007784                TIM1_TRG_COM_TIM11_IRQHandler
                0x0000000008007784                EXTI1_IRQHandler
                0x0000000008007784                USART2_IRQHandler
                0x0000000008007784                DFSDM1_FLT0_IRQHandler
                0x0000000008007784                I2C2_ER_IRQHandler
                0x0000000008007784                DMA2_Stream1_IRQHandler
                0x0000000008007784                CAN1_SCE_IRQHandler
                0x0000000008007784                FLASH_IRQHandler
                0x0000000008007784                DMA2_Stream4_IRQHandler
                0x0000000008007784                BusFault_Handler
                0x0000000008007784                USART1_IRQHandler
                0x0000000008007784                OTG_FS_IRQHandler
                0x0000000008007784                SPI3_IRQHandler
                0x0000000008007784                DMA1_Stream4_IRQHandler
                0x0000000008007784                I2C1_ER_IRQHandler
                0x0000000008007784                DMA2_Stream6_IRQHandler
                0x0000000008007784                DMA1_Stream3_IRQHandler
 .text.HAL_MspInit
                0x0000000008007786       0x34 app/CMakeFiles/mxchip_azure_iot.dir/stm32cubef4/stm32f4xx_hal_msp.c.obj
                0x0000000008007786                HAL_MspInit
 *fill*         0x00000000080077ba        0x2 
 .text.HAL_I2C_MspInit
                0x00000000080077bc       0xa4 app/CMakeFiles/mxchip_azure_iot.dir/stm32cubef4/stm32f4xx_hal_msp.c.obj
                0x00000000080077bc                HAL_I2C_MspInit
 .text.HAL_UART_MspInit
                0x0000000008007860       0x80 app/CMakeFiles/mxchip_azure_iot.dir/stm32cubef4/stm32f4xx_hal_msp.c.obj
                0x0000000008007860                HAL_UART_MspInit
 .text.Init_MEM1_Sensors
                0x00000000080078e0       0x58 app/CMakeFiles/mxchip_azure_iot.dir/board_init.c.obj
 .text.Init_Screen
                0x0000000008007938       0x8c app/CMakeFiles/mxchip_azure_iot.dir/board_init.c.obj
                0x0000000008007938                Init_Screen
 .text.board_init
                0x00000000080079c4       0x28 app/CMakeFiles/mxchip_azure_iot.dir/board_init.c.obj
                0x00000000080079c4                board_init
 .text.SystemClock_Config
                0x00000000080079ec       0xbc app/CMakeFiles/mxchip_azure_iot.dir/board_init.c.obj
 .text.STM32_Error_Handler
                0x0000000008007aa8       0x10 app/CMakeFiles/mxchip_azure_iot.dir/board_init.c.obj
 .text.TIM_Init
                0x0000000008007ab8       0xf8 app/CMakeFiles/mxchip_azure_iot.dir/board_init.c.obj
 .text.GPIO_Init
                0x0000000008007bb0      0x118 app/CMakeFiles/mxchip_azure_iot.dir/board_init.c.obj
 .text.I2C1_Init
                0x0000000008007cc8       0x60 app/CMakeFiles/mxchip_azure_iot.dir/board_init.c.obj
 .text.UART_Console_Init
                0x0000000008007d28       0x54 app/CMakeFiles/mxchip_azure_iot.dir/board_init.c.obj
 .text.button_a_callback
                0x0000000008007d7c        0xe app/CMakeFiles/mxchip_azure_iot.dir/board_init.c.obj
                0x0000000008007d7c                button_a_callback
 .text.button_b_callback
                0x0000000008007d8a        0xe app/CMakeFiles/mxchip_azure_iot.dir/board_init.c.obj
                0x0000000008007d8a                button_b_callback
 .text.EXTI4_IRQHandler
                0x0000000008007d98        0xe app/CMakeFiles/mxchip_azure_iot.dir/board_init.c.obj
                0x0000000008007d98                EXTI4_IRQHandler
 .text.EXTI15_10_IRQHandler
                0x0000000008007da6       0x10 app/CMakeFiles/mxchip_azure_iot.dir/board_init.c.obj
                0x0000000008007da6                EXTI15_10_IRQHandler
 .text.HAL_GPIO_EXTI_Callback
                0x0000000008007db6       0x2c app/CMakeFiles/mxchip_azure_iot.dir/board_init.c.obj
                0x0000000008007db6                HAL_GPIO_EXTI_Callback
 *fill*         0x0000000008007de2        0x2 
 .text.__io_putchar
                0x0000000008007de4       0x24 app/CMakeFiles/mxchip_azure_iot.dir/console.c.obj
                0x0000000008007de4                __io_putchar
 .text.__io_getchar
                0x0000000008007e08       0x48 app/CMakeFiles/mxchip_azure_iot.dir/console.c.obj
                0x0000000008007e08                __io_getchar
 .text._read    0x0000000008007e50       0x3a app/CMakeFiles/mxchip_azure_iot.dir/console.c.obj
                0x0000000008007e50                _read
 .text._write   0x0000000008007e8a       0x38 app/CMakeFiles/mxchip_azure_iot.dir/console.c.obj
                0x0000000008007e8a                _write
 .text.clear_board
                0x0000000008007ec2        0xe app/CMakeFiles/mxchip_azure_iot.dir/main.c.obj
                0x0000000008007ec2                clear_board
 .text.draw_dino
                0x0000000008007ed0       0x70 app/CMakeFiles/mxchip_azure_iot.dir/main.c.obj
                0x0000000008007ed0                draw_dino
 .text.draw_obstacle
                0x0000000008007f40       0x62 app/CMakeFiles/mxchip_azure_iot.dir/main.c.obj
                0x0000000008007f40                draw_obstacle
 *fill*         0x0000000008007fa2        0x2 
 .text.draw_score
                0x0000000008007fa4       0x3c app/CMakeFiles/mxchip_azure_iot.dir/main.c.obj
                0x0000000008007fa4                draw_score
 .text.draw_board
                0x0000000008007fe0       0x28 app/CMakeFiles/mxchip_azure_iot.dir/main.c.obj
                0x0000000008007fe0                draw_board
 .text.jump     0x0000000008008008       0x30 app/CMakeFiles/mxchip_azure_iot.dir/main.c.obj
                0x0000000008008008                jump
 .text.update_dino
                0x0000000008008038       0x4c app/CMakeFiles/mxchip_azure_iot.dir/main.c.obj
                0x0000000008008038                update_dino
 .text.update_obstacle
                0x0000000008008084       0x70 app/CMakeFiles/mxchip_azure_iot.dir/main.c.obj
                0x0000000008008084                update_obstacle
 .text.check_collision
                0x00000000080080f4       0x64 app/CMakeFiles/mxchip_azure_iot.dir/main.c.obj
                0x00000000080080f4                check_collision
 .text.display_message
                0x0000000008008158       0xa0 app/CMakeFiles/mxchip_azure_iot.dir/main.c.obj
                0x0000000008008158                display_message
 .text._gettimeofday
                0x00000000080081f8       0x18 app/CMakeFiles/mxchip_azure_iot.dir/main.c.obj
                0x00000000080081f8                _gettimeofday
 .text.main     0x0000000008008210      0x18c app/CMakeFiles/mxchip_azure_iot.dir/main.c.obj
                0x0000000008008210                main
 .text._tx_thread_sleep
                0x000000000800839c      0x100 lib/threadx/libthreadx.a(tx_thread_sleep.c.obj)
                0x000000000800839c                _tx_thread_sleep
 .text._tx_thread_system_suspend
                0x000000000800849c      0x320 lib/threadx/libthreadx.a(tx_thread_system_suspend.c.obj)
                0x000000000800849c                _tx_thread_system_suspend
 .text._tx_thread_time_slice
                0x00000000080087bc       0xa4 lib/threadx/libthreadx.a(tx_thread_time_slice.c.obj)
                0x00000000080087bc                _tx_thread_time_slice
 .text._tx_timer_expiration_process
                0x0000000008008860       0x44 lib/threadx/libthreadx.a(tx_timer_expiration_process.c.obj)
                0x0000000008008860                _tx_timer_expiration_process
 .text._tx_timer_system_activate
                0x00000000080088a4       0xc4 lib/threadx/libthreadx.a(tx_timer_system_activate.c.obj)
                0x00000000080088a4                _tx_timer_system_activate
 .text._tx_thread_system_resume
                0x0000000008008968      0x228 lib/threadx/libthreadx.a(tx_thread_system_resume.c.obj)
                0x0000000008008968                _tx_thread_system_resume
 .text._tx_timer_system_deactivate
                0x0000000008008b90       0x6e lib/threadx/libthreadx.a(tx_timer_system_deactivate.c.obj)
                0x0000000008008b90                _tx_timer_system_deactivate
 *(.glue_7)
 .glue_7        0x0000000008008bfe        0x0 linker stubs
 *(.glue_7t)
 .glue_7t       0x0000000008008bfe        0x0 linker stubs
 *(.eh_frame)
 *fill*         0x0000000008008bfe        0x2 
 .eh_frame      0x0000000008008c00        0x0 /usr/lib/gcc/arm-none-eabi/9.2.1/thumb/v7e-m+fp/hard/crtbegin.o
 *(.init)
 .init          0x0000000008008c00        0x4 /usr/lib/gcc/arm-none-eabi/9.2.1/thumb/v7e-m+fp/hard/crti.o
                0x0000000008008c00                _init
 .init          0x0000000008008c04        0x8 /usr/lib/gcc/arm-none-eabi/9.2.1/thumb/v7e-m+fp/hard/crtn.o
 *(.fini)
 .fini          0x0000000008008c0c        0x4 /usr/lib/gcc/arm-none-eabi/9.2.1/thumb/v7e-m+fp/hard/crti.o
                0x0000000008008c0c                _fini
 .fini          0x0000000008008c10        0x8 /usr/lib/gcc/arm-none-eabi/9.2.1/thumb/v7e-m+fp/hard/crtn.o
                0x0000000008008c18                . = ALIGN (0x4)
                0x0000000008008c18                _etext = .

.vfp11_veneer   0x0000000008008c18        0x0
 .vfp11_veneer  0x0000000008008c18        0x0 linker stubs

.v4_bx          0x0000000008008c18        0x0
 .v4_bx         0x0000000008008c18        0x0 linker stubs

.iplt           0x0000000008008c18        0x0
 .iplt          0x0000000008008c18        0x0 /usr/lib/gcc/arm-none-eabi/9.2.1/thumb/v7e-m+fp/hard/crtbegin.o

.rodata         0x0000000008008c18      0xfdc
                0x0000000008008c18                . = ALIGN (0x4)
 *(.rodata)
 .rodata        0x0000000008008c18       0x19 shared_src/CMakeFiles/app_common.dir/newlib_nano.c.obj
 *fill*         0x0000000008008c31        0x3 
 .rodata        0x0000000008008c34       0xd9 app/CMakeFiles/mxchip_azure_iot.dir/board_init.c.obj
 *fill*         0x0000000008008d0d        0x3 
 .rodata        0x0000000008008d10       0x43 app/CMakeFiles/mxchip_azure_iot.dir/main.c.obj
 *fill*         0x0000000008008d53        0x1 
 .rodata        0x0000000008008d54        0x4 /usr/lib/gcc/arm-none-eabi/9.2.1/../../../arm-none-eabi/lib/thumb/v7e-m+fp/hard/libg_nano.a(lib_a-impure.o)
                0x0000000008008d54                _global_impure_ptr
 .rodata        0x0000000008008d58       0x60 /usr/lib/gcc/arm-none-eabi/9.2.1/../../../arm-none-eabi/lib/thumb/v7e-m+fp/hard/libg_nano.a(lib_a-findfp.o)
                0x0000000008008d58                __sf_fake_stderr
                0x0000000008008d78                __sf_fake_stdout
                0x0000000008008d98                __sf_fake_stdin
 *(.rodata*)
 .rodata.Font11x18
                0x0000000008008db8      0xd5c lib/mxchip_bsp/CMakeFiles/mxchip_bsp.dir/ssd1306/ssd1306_fonts.c.obj
 .rodata.AHBPrescTable
                0x0000000008009b14       0x10 app/CMakeFiles/mxchip_azure_iot.dir/startup/system_stm32f4xx.c.obj
                0x0000000008009b14                AHBPrescTable
 .rodata.APBPrescTable
                0x0000000008009b24        0x8 app/CMakeFiles/mxchip_azure_iot.dir/startup/system_stm32f4xx.c.obj
                0x0000000008009b24                APBPrescTable
 .rodata.str1.4
                0x0000000008009b2c       0x4a /usr/lib/gcc/arm-none-eabi/9.2.1/../../../arm-none-eabi/lib/thumb/v7e-m+fp/hard/libg_nano.a(lib_a-rand.o)
 *fill*         0x0000000008009b76        0x2 
 .rodata.str1.4
                0x0000000008009b78       0x3f /usr/lib/gcc/arm-none-eabi/9.2.1/../../../arm-none-eabi/lib/thumb/v7e-m+fp/hard/libg_nano.a(lib_a-assert.o)
                                         0x43 (size before relaxing)
 *fill*         0x0000000008009bb7        0x1 
 .rodata.str1.4
                0x0000000008009bb8       0x13 /usr/lib/gcc/arm-none-eabi/9.2.1/../../../arm-none-eabi/lib/thumb/v7e-m+fp/hard/libg_nano.a(lib_a-nano-svfprintf.o)
 .rodata.str1.4
                0x0000000008009bcb       0x13 /usr/lib/gcc/arm-none-eabi/9.2.1/../../../arm-none-eabi/lib/thumb/v7e-m+fp/hard/libg_nano.a(lib_a-nano-vfprintf.o)
 *fill*         0x0000000008009bcb        0x1 
 .rodata.str1.4
                0x0000000008009bcc       0x25 /usr/lib/gcc/arm-none-eabi/9.2.1/../../../arm-none-eabi/lib/thumb/v7e-m+fp/hard/libg_nano.a(lib_a-nano-vfprintf_i.o)
                0x0000000008009bf4                . = ALIGN (0x4)
 *fill*         0x0000000008009bf1        0x3 

.ARM.extab      0x0000000008009bf4        0x0
                0x0000000008009bf4                . = ALIGN (0x4)
 *(.ARM.extab* .gnu.linkonce.armextab.*)
                0x0000000008009bf4                . = ALIGN (0x4)

.ARM            0x0000000008009bf4        0x8
                0x0000000008009bf4                . = ALIGN (0x4)
                0x0000000008009bf4                __exidx_start = .
 *(.ARM.exidx*)
 .ARM.exidx     0x0000000008009bf4        0x8 /usr/lib/gcc/arm-none-eabi/9.2.1/thumb/v7e-m+fp/hard/libgcc.a(_udivmoddi4.o)
                0x0000000008009bfc                __exidx_end = .
                0x0000000008009bfc                . = ALIGN (0x4)

.rel.dyn        0x0000000008009bfc        0x0
 .rel.iplt      0x0000000008009bfc        0x0 /usr/lib/gcc/arm-none-eabi/9.2.1/thumb/v7e-m+fp/hard/crtbegin.o

.preinit_array  0x0000000008009bfc        0x0
                0x0000000008009bfc                . = ALIGN (0x4)
                0x0000000008009bfc                PROVIDE (__preinit_array_start = .)
 *(.preinit_array*)
                0x0000000008009bfc                PROVIDE (__preinit_array_end = .)
                0x0000000008009bfc                . = ALIGN (0x4)

.init_array     0x0000000008009bfc        0x4
                0x0000000008009bfc                . = ALIGN (0x4)
                0x0000000008009bfc                PROVIDE (__init_array_start = .)
 *(SORT_BY_NAME(.init_array.*))
 *(.init_array*)
 .init_array    0x0000000008009bfc        0x4 /usr/lib/gcc/arm-none-eabi/9.2.1/thumb/v7e-m+fp/hard/crtbegin.o
                0x0000000008009c00                PROVIDE (__init_array_end = .)
                0x0000000008009c00                . = ALIGN (0x4)

.fini_array     0x0000000008009c00        0x4
                0x0000000008009c00                . = ALIGN (0x4)
                0x0000000008009c00                PROVIDE (__fini_array_start = .)
 *(SORT_BY_NAME(.fini_array.*))
 *(.fini_array*)
 .fini_array    0x0000000008009c00        0x4 /usr/lib/gcc/arm-none-eabi/9.2.1/thumb/v7e-m+fp/hard/crtbegin.o
                0x0000000008009c04                PROVIDE (__fini_array_end = .)
                0x0000000008009c04                . = ALIGN (0x4)
                0x0000000008009c04                _sidata = LOADADDR (.data)

.data           0x0000000020000000       0xc8 load address 0x0000000008009c04
                0x0000000020000000                . = ALIGN (0x4)
                0x0000000020000000                _sdata = .
 *(.data)
 .data          0x0000000020000000       0x64 /usr/lib/gcc/arm-none-eabi/9.2.1/../../../arm-none-eabi/lib/thumb/v7e-m+fp/hard/libg_nano.a(lib_a-impure.o)
                0x0000000020000000                _impure_ptr
 *(.data*)
 .data.uwTickPrio
                0x0000000020000064        0x4 lib/stm32cubef4/CMakeFiles/stm32cubef4.dir/Drivers/STM32F4xx_HAL_Driver/Src/stm32f4xx_hal.c.obj
                0x0000000020000064                uwTickPrio
 .data.uwTickFreq
                0x0000000020000068        0x1 lib/stm32cubef4/CMakeFiles/stm32cubef4.dir/Drivers/STM32F4xx_HAL_Driver/Src/stm32f4xx_hal.c.obj
                0x0000000020000068                uwTickFreq
 *fill*         0x0000000020000069        0x3 
 .data.dev_ctx  0x000000002000006c        0xc lib/mxchip_bsp/CMakeFiles/mxchip_bsp.dir/stm_sensor/Src/lsm6dsl_read_data_polling.c.obj
 .data.dev_ctx  0x0000000020000078        0xc lib/mxchip_bsp/CMakeFiles/mxchip_bsp.dir/stm_sensor/Src/lps22hb_read_data_polling.c.obj
 .data.dev_ctx  0x0000000020000084        0xc lib/mxchip_bsp/CMakeFiles/mxchip_bsp.dir/stm_sensor/Src/hts221_read_data_polling.c.obj
 .data.dev_ctx  0x0000000020000090        0xc lib/mxchip_bsp/CMakeFiles/mxchip_bsp.dir/stm_sensor/Src/lis2mdl_read_data_polling.c.obj
 .data.timeout  0x000000002000009c        0x4 lib/mxchip_bsp/CMakeFiles/mxchip_bsp.dir/stm_sensor/Src/lis2mdl_read_data_polling.c.obj
 .data.Font_11x18
                0x00000000200000a0        0x8 lib/mxchip_bsp/CMakeFiles/mxchip_bsp.dir/ssd1306/ssd1306_fonts.c.obj
                0x00000000200000a0                Font_11x18
 .data.SystemCoreClock
                0x00000000200000a8        0x4 app/CMakeFiles/mxchip_azure_iot.dir/startup/system_stm32f4xx.c.obj
                0x00000000200000a8                SystemCoreClock
 .data.obstacle_speed
                0x00000000200000ac        0x4 app/CMakeFiles/mxchip_azure_iot.dir/main.c.obj
                0x00000000200000ac                obstacle_speed
 .data.t_rex.10725
                0x00000000200000b0       0x14 app/CMakeFiles/mxchip_azure_iot.dir/main.c.obj
 .data._tx_thread_system_state
                0x00000000200000c4        0x4 lib/threadx/libthreadx.a(tx_thread_initialize.c.obj)
                0x00000000200000c4                _tx_thread_system_state
                0x00000000200000c8                . = ALIGN (0x4)
                0x00000000200000c8                _edata = .
                0x0000000008009ccc                _siccmram = LOADADDR (.ccmram)

.tm_clone_table
                0x00000000200000c8        0x0 load address 0x0000000008009ccc
 .tm_clone_table
                0x00000000200000c8        0x0 /usr/lib/gcc/arm-none-eabi/9.2.1/thumb/v7e-m+fp/hard/crtbegin.o
 .tm_clone_table
                0x00000000200000c8        0x0 /usr/lib/gcc/arm-none-eabi/9.2.1/thumb/v7e-m+fp/hard/crtend.o

.igot.plt       0x00000000200000c8        0x0 load address 0x0000000008009ccc
 .igot.plt      0x00000000200000c8        0x0 /usr/lib/gcc/arm-none-eabi/9.2.1/thumb/v7e-m+fp/hard/crtbegin.o

.ccmram         0x0000000010000000        0x0 load address 0x0000000008009ccc
                0x0000000010000000                . = ALIGN (0x4)
                0x0000000010000000                _sccmram = .
 *(.ccmram)
 *(.ccmram*)
                0x0000000010000000                . = ALIGN (0x4)
                0x0000000010000000                _eccmram = .
                0x0000000010000000                . = ALIGN (0x4)

.bss            0x00000000200000c8      0x6d8
                0x00000000200000c8                _sbss = .
                0x00000000200000c8                __bss_start__ = _sbss
 *(.bss)
 .bss           0x00000000200000c8       0x1c /usr/lib/gcc/arm-none-eabi/9.2.1/thumb/v7e-m+fp/hard/crtbegin.o
 .bss           0x00000000200000e4        0x8 /usr/lib/gcc/arm-none-eabi/9.2.1/../../../arm-none-eabi/lib/thumb/v7e-m+fp/hard/libg_nano.a(lib_a-nano-mallocr.o)
                0x00000000200000e4                __malloc_free_list
                0x00000000200000e8                __malloc_sbrk_start
 *(.bss*)
 .bss.uwTick    0x00000000200000ec        0x4 lib/stm32cubef4/CMakeFiles/stm32cubef4.dir/Drivers/STM32F4xx_HAL_Driver/Src/stm32f4xx_hal.c.obj
                0x00000000200000ec                uwTick
 .bss.TimHandle
                0x00000000200000f0       0x40 lib/stm32cubef4/CMakeFiles/stm32cubef4.dir/Drivers/STM32F4xx_HAL_Driver/Src/stm32f4xx_hal_timebase_tim.c.obj
                0x00000000200000f0                TimHandle
 .bss.whoamI    0x0000000020000130        0x1 lib/mxchip_bsp/CMakeFiles/mxchip_bsp.dir/stm_sensor/Src/lsm6dsl_read_data_polling.c.obj
 .bss.rst       0x0000000020000131        0x1 lib/mxchip_bsp/CMakeFiles/mxchip_bsp.dir/stm_sensor/Src/lsm6dsl_read_data_polling.c.obj
 .bss.whoamI    0x0000000020000132        0x1 lib/mxchip_bsp/CMakeFiles/mxchip_bsp.dir/stm_sensor/Src/lps22hb_read_data_polling.c.obj
 .bss.rst       0x0000000020000133        0x1 lib/mxchip_bsp/CMakeFiles/mxchip_bsp.dir/stm_sensor/Src/lps22hb_read_data_polling.c.obj
 .bss.whoamI    0x0000000020000134        0x1 lib/mxchip_bsp/CMakeFiles/mxchip_bsp.dir/stm_sensor/Src/hts221_read_data_polling.c.obj
 *fill*         0x0000000020000135        0x3 
 .bss.lin_hum   0x0000000020000138       0x10 lib/mxchip_bsp/CMakeFiles/mxchip_bsp.dir/stm_sensor/Src/hts221_read_data_polling.c.obj
                0x0000000020000138                lin_hum
 .bss.lin_temp  0x0000000020000148       0x10 lib/mxchip_bsp/CMakeFiles/mxchip_bsp.dir/stm_sensor/Src/hts221_read_data_polling.c.obj
                0x0000000020000148                lin_temp
 .bss.whoamI    0x0000000020000158        0x1 lib/mxchip_bsp/CMakeFiles/mxchip_bsp.dir/stm_sensor/Src/lis2mdl_read_data_polling.c.obj
 .bss.rst       0x0000000020000159        0x1 lib/mxchip_bsp/CMakeFiles/mxchip_bsp.dir/stm_sensor/Src/lis2mdl_read_data_polling.c.obj
 *fill*         0x000000002000015a        0x2 
 .bss.SSD1306_Buffer
                0x000000002000015c      0x400 lib/mxchip_bsp/CMakeFiles/mxchip_bsp.dir/ssd1306/ssd1306.c.obj
 .bss.SSD1306   0x000000002000055c        0x8 lib/mxchip_bsp/CMakeFiles/mxchip_bsp.dir/ssd1306/ssd1306.c.obj
 .bss.heap.6212
                0x0000000020000564        0x4 shared_src/CMakeFiles/app_common.dir/newlib_nano.c.obj
 .bss.I2cHandle
                0x0000000020000568       0x54 app/CMakeFiles/mxchip_azure_iot.dir/board_init.c.obj
                0x0000000020000568                I2cHandle
 .bss.UartHandle
                0x00000000200005bc       0x40 app/CMakeFiles/mxchip_azure_iot.dir/board_init.c.obj
                0x00000000200005bc                UartHandle
 .bss.dino      0x00000000200005fc       0x14 app/CMakeFiles/mxchip_azure_iot.dir/main.c.obj
                0x00000000200005fc                dino
 .bss.obstacle  0x0000000020000610       0x14 app/CMakeFiles/mxchip_azure_iot.dir/main.c.obj
                0x0000000020000610                obstacle
 .bss.score     0x0000000020000624        0x4 app/CMakeFiles/mxchip_azure_iot.dir/main.c.obj
                0x0000000020000624                score
 .bss.is_jumping
                0x0000000020000628        0x4 app/CMakeFiles/mxchip_azure_iot.dir/main.c.obj
                0x0000000020000628                is_jumping
 .bss._tx_initialize_unused_memory
                0x000000002000062c        0x4 lib/threadx/libthreadx.a(tx_initialize_high_level.c.obj)
                0x000000002000062c                _tx_initialize_unused_memory
 .bss._tx_thread_system_stack_ptr
                0x0000000020000630        0x4 lib/threadx/libthreadx.a(tx_thread_initialize.c.obj)
                0x0000000020000630                _tx_thread_system_stack_ptr
 .bss._tx_thread_current_ptr
                0x0000000020000634        0x4 lib/threadx/libthreadx.a(tx_thread_initialize.c.obj)
                0x0000000020000634                _tx_thread_current_ptr
 .bss._tx_thread_execute_ptr
                0x0000000020000638        0x4 lib/threadx/libthreadx.a(tx_thread_initialize.c.obj)
                0x0000000020000638                _tx_thread_execute_ptr
 .bss._tx_thread_priority_maps
                0x000000002000063c        0x4 lib/threadx/libthreadx.a(tx_thread_initialize.c.obj)
                0x000000002000063c                _tx_thread_priority_maps
 .bss._tx_thread_preempted_maps
                0x0000000020000640        0x4 lib/threadx/libthreadx.a(tx_thread_initialize.c.obj)
                0x0000000020000640                _tx_thread_preempted_maps
 .bss._tx_thread_highest_priority
                0x0000000020000644        0x4 lib/threadx/libthreadx.a(tx_thread_initialize.c.obj)
                0x0000000020000644                _tx_thread_highest_priority
 .bss._tx_thread_priority_list
                0x0000000020000648       0x80 lib/threadx/libthreadx.a(tx_thread_initialize.c.obj)
                0x0000000020000648                _tx_thread_priority_list
 .bss._tx_thread_preempt_disable
                0x00000000200006c8        0x4 lib/threadx/libthreadx.a(tx_thread_initialize.c.obj)
                0x00000000200006c8                _tx_thread_preempt_disable
 .bss._tx_timer_system_clock
                0x00000000200006cc        0x4 lib/threadx/libthreadx.a(tx_timer_initialize.c.obj)
                0x00000000200006cc                _tx_timer_system_clock
 .bss._tx_timer_expired_time_slice
                0x00000000200006d0        0x4 lib/threadx/libthreadx.a(tx_timer_initialize.c.obj)
                0x00000000200006d0                _tx_timer_expired_time_slice
 .bss._tx_timer_list_start
                0x00000000200006d4        0x4 lib/threadx/libthreadx.a(tx_timer_initialize.c.obj)
                0x00000000200006d4                _tx_timer_list_start
 .bss._tx_timer_list_end
                0x00000000200006d8        0x4 lib/threadx/libthreadx.a(tx_timer_initialize.c.obj)
                0x00000000200006d8                _tx_timer_list_end
 .bss._tx_timer_current_ptr
                0x00000000200006dc        0x4 lib/threadx/libthreadx.a(tx_timer_initialize.c.obj)
                0x00000000200006dc                _tx_timer_current_ptr
 .bss._tx_timer_expired
                0x00000000200006e0        0x4 lib/threadx/libthreadx.a(tx_timer_initialize.c.obj)
                0x00000000200006e0                _tx_timer_expired
 .bss._tx_timer_thread
                0x00000000200006e4       0xb4 lib/threadx/libthreadx.a(tx_timer_initialize.c.obj)
                0x00000000200006e4                _tx_timer_thread
 .bss._tx_timer_time_slice
                0x0000000020000798        0x4 lib/threadx/libthreadx.a(tx_timer_initialize.c.obj)
                0x0000000020000798                _tx_timer_time_slice
 *(COMMON)
 COMMON         0x000000002000079c        0x4 /usr/lib/gcc/arm-none-eabi/9.2.1/../../../arm-none-eabi/lib/thumb/v7e-m+fp/hard/libg_nano.a(lib_a-reent.o)
                0x000000002000079c                errno
                0x00000000200007a0                . = ALIGN (0x4)
                0x00000000200007a0                _ebss = .
                0x00000000200007a0                __bss_end__ = _ebss

._user_heap_stack
                0x00000000200007a0      0x200
                0x00000000200007a0                . = ALIGN (0x8)
                [!provide]                        PROVIDE (end = .)
                0x00000000200007a0                PROVIDE (_end = .)
                0x00000000200007a0                . = (. + _Min_Heap_Size)
                0x00000000200009a0                . = (. + _Min_Stack_Size)
 *fill*         0x00000000200007a0      0x200 
                0x00000000200009a0                . = ALIGN (0x8)
                0x00000000200009a0                __RAM_segment_used_end__ = .

/DISCARD/
 libc.a(*)
 libm.a(*)
 libgcc.a(*)

.ARM.attributes
                0x0000000000000000       0x30
 *(.ARM.attributes)
 .ARM.attributes
                0x0000000000000000       0x1e /usr/lib/gcc/arm-none-eabi/9.2.1/thumb/v7e-m+fp/hard/crti.o
 .ARM.attributes
                0x000000000000001e       0x34 /usr/lib/gcc/arm-none-eabi/9.2.1/thumb/v7e-m+fp/hard/crtbegin.o
 .ARM.attributes
                0x0000000000000052       0x34 lib/stm32cubef4/CMakeFiles/stm32cubef4.dir/Drivers/STM32F4xx_HAL_Driver/Src/stm32f4xx_hal.c.obj
 .ARM.attributes
                0x0000000000000086       0x34 lib/stm32cubef4/CMakeFiles/stm32cubef4.dir/Drivers/STM32F4xx_HAL_Driver/Src/stm32f4xx_hal_gpio.c.obj
 .ARM.attributes
                0x00000000000000ba       0x34 lib/stm32cubef4/CMakeFiles/stm32cubef4.dir/Drivers/STM32F4xx_HAL_Driver/Src/stm32f4xx_hal_tim.c.obj
 .ARM.attributes
                0x00000000000000ee       0x34 lib/stm32cubef4/CMakeFiles/stm32cubef4.dir/Drivers/STM32F4xx_HAL_Driver/Src/stm32f4xx_hal_tim_ex.c.obj
 .ARM.attributes
                0x0000000000000122       0x34 lib/stm32cubef4/CMakeFiles/stm32cubef4.dir/Drivers/STM32F4xx_HAL_Driver/Src/stm32f4xx_hal_timebase_tim.c.obj
 .ARM.attributes
                0x0000000000000156       0x34 lib/stm32cubef4/CMakeFiles/stm32cubef4.dir/Drivers/STM32F4xx_HAL_Driver/Src/stm32f4xx_hal_uart.c.obj
 .ARM.attributes
                0x000000000000018a       0x34 lib/stm32cubef4/CMakeFiles/stm32cubef4.dir/Drivers/STM32F4xx_HAL_Driver/Src/stm32f4xx_hal_i2c.c.obj
 .ARM.attributes
                0x00000000000001be       0x34 lib/stm32cubef4/CMakeFiles/stm32cubef4.dir/Drivers/STM32F4xx_HAL_Driver/Src/stm32f4xx_hal_cortex.c.obj
 .ARM.attributes
                0x00000000000001f2       0x34 lib/stm32cubef4/CMakeFiles/stm32cubef4.dir/Drivers/STM32F4xx_HAL_Driver/Src/stm32f4xx_hal_rcc.c.obj
 .ARM.attributes
                0x0000000000000226       0x34 lib/stm32cubef4/CMakeFiles/stm32cubef4.dir/Drivers/STM32F4xx_HAL_Driver/Src/stm32f4xx_hal_rcc_ex.c.obj
 .ARM.attributes
                0x000000000000025a       0x34 lib/mxchip_bsp/CMakeFiles/mxchip_bsp.dir/stm_sensor/Src/lps22hb_reg.c.obj
 .ARM.attributes
                0x000000000000028e       0x34 lib/mxchip_bsp/CMakeFiles/mxchip_bsp.dir/stm_sensor/Src/hts221_reg.c.obj
 .ARM.attributes
                0x00000000000002c2       0x34 lib/mxchip_bsp/CMakeFiles/mxchip_bsp.dir/stm_sensor/Src/lsm6dsl_reg.c.obj
 .ARM.attributes
                0x00000000000002f6       0x34 lib/mxchip_bsp/CMakeFiles/mxchip_bsp.dir/stm_sensor/Src/lis2mdl_reg.c.obj
 .ARM.attributes
                0x000000000000032a       0x34 lib/mxchip_bsp/CMakeFiles/mxchip_bsp.dir/stm_sensor/Src/lsm6dsl_read_data_polling.c.obj
 .ARM.attributes
                0x000000000000035e       0x34 lib/mxchip_bsp/CMakeFiles/mxchip_bsp.dir/stm_sensor/Src/lps22hb_read_data_polling.c.obj
 .ARM.attributes
                0x0000000000000392       0x34 lib/mxchip_bsp/CMakeFiles/mxchip_bsp.dir/stm_sensor/Src/hts221_read_data_polling.c.obj
 .ARM.attributes
                0x00000000000003c6       0x34 lib/mxchip_bsp/CMakeFiles/mxchip_bsp.dir/stm_sensor/Src/lis2mdl_read_data_polling.c.obj
 .ARM.attributes
                0x00000000000003fa       0x34 lib/mxchip_bsp/CMakeFiles/mxchip_bsp.dir/ssd1306/ssd1306.c.obj
 .ARM.attributes
                0x000000000000042e       0x39 lib/mxchip_bsp/CMakeFiles/mxchip_bsp.dir/ssd1306/ssd1306_fonts.c.obj
 .ARM.attributes
                0x0000000000000467       0x34 shared_src/CMakeFiles/app_common.dir/newlib_nano.c.obj
 .ARM.attributes
                0x000000000000049b       0x34 app/CMakeFiles/mxchip_azure_iot.dir/startup/system_stm32f4xx.c.obj
 .ARM.attributes
                0x00000000000004cf       0x21 app/CMakeFiles/mxchip_azure_iot.dir/startup/startup_stm32f412rx.s.obj
 .ARM.attributes
                0x00000000000004f0       0x20 app/CMakeFiles/mxchip_azure_iot.dir/startup/tx_initialize_low_level.S.obj
 .ARM.attributes
                0x0000000000000510       0x34 app/CMakeFiles/mxchip_azure_iot.dir/stm32cubef4/stm32f4xx_hal_msp.c.obj
 .ARM.attributes
                0x0000000000000544       0x34 app/CMakeFiles/mxchip_azure_iot.dir/board_init.c.obj
 .ARM.attributes
                0x0000000000000578       0x34 app/CMakeFiles/mxchip_azure_iot.dir/console.c.obj
 .ARM.attributes
                0x00000000000005ac       0x34 app/CMakeFiles/mxchip_azure_iot.dir/main.c.obj
 .ARM.attributes
                0x00000000000005e0       0x20 lib/threadx/libthreadx.a(tx_thread_schedule.S.obj)
 .ARM.attributes
                0x0000000000000600       0x20 lib/threadx/libthreadx.a(tx_timer_interrupt.S.obj)
 .ARM.attributes
                0x0000000000000620       0x34 lib/threadx/libthreadx.a(tx_initialize_high_level.c.obj)
 .ARM.attributes
                0x0000000000000654       0x34 lib/threadx/libthreadx.a(tx_thread_initialize.c.obj)
 .ARM.attributes
                0x0000000000000688       0x34 lib/threadx/libthreadx.a(tx_thread_sleep.c.obj)
 .ARM.attributes
                0x00000000000006bc       0x34 lib/threadx/libthreadx.a(tx_thread_system_suspend.c.obj)
 .ARM.attributes
                0x00000000000006f0       0x34 lib/threadx/libthreadx.a(tx_thread_time_slice.c.obj)
 .ARM.attributes
                0x0000000000000724       0x34 lib/threadx/libthreadx.a(tx_timer_expiration_process.c.obj)
 .ARM.attributes
                0x0000000000000758       0x34 lib/threadx/libthreadx.a(tx_timer_initialize.c.obj)
 .ARM.attributes
                0x000000000000078c       0x34 lib/threadx/libthreadx.a(tx_timer_system_activate.c.obj)
 .ARM.attributes
                0x00000000000007c0       0x34 lib/threadx/libthreadx.a(tx_thread_system_resume.c.obj)
 .ARM.attributes
                0x00000000000007f4       0x34 lib/threadx/libthreadx.a(tx_timer_system_deactivate.c.obj)
 .ARM.attributes
                0x0000000000000828       0x1e /usr/lib/gcc/arm-none-eabi/9.2.1/thumb/v7e-m+fp/hard/libgcc.a(_aeabi_uldivmod.o)
 .ARM.attributes
                0x0000000000000846       0x34 /usr/lib/gcc/arm-none-eabi/9.2.1/thumb/v7e-m+fp/hard/libgcc.a(_udivmoddi4.o)
 .ARM.attributes
                0x000000000000087a       0x1e /usr/lib/gcc/arm-none-eabi/9.2.1/thumb/v7e-m+fp/hard/libgcc.a(_dvmd_tls.o)
 .ARM.attributes
                0x0000000000000898       0x32 /usr/lib/gcc/arm-none-eabi/9.2.1/../../../arm-none-eabi/lib/thumb/v7e-m+fp/hard/libg_nano.a(lib_a-impure.o)
 .ARM.attributes
                0x00000000000008ca       0x34 /usr/lib/gcc/arm-none-eabi/9.2.1/../../../arm-none-eabi/lib/thumb/v7e-m+fp/hard/libg_nano.a(lib_a-init.o)
 .ARM.attributes
                0x00000000000008fe       0x1c /usr/lib/gcc/arm-none-eabi/9.2.1/../../../arm-none-eabi/lib/thumb/v7e-m+fp/hard/libg_nano.a(lib_a-memcpy.o)
 .ARM.attributes
                0x000000000000091a       0x34 /usr/lib/gcc/arm-none-eabi/9.2.1/../../../arm-none-eabi/lib/thumb/v7e-m+fp/hard/libg_nano.a(lib_a-memset.o)
 .ARM.attributes
                0x000000000000094e       0x34 /usr/lib/gcc/arm-none-eabi/9.2.1/../../../arm-none-eabi/lib/thumb/v7e-m+fp/hard/libg_nano.a(lib_a-printf.o)
 .ARM.attributes
                0x0000000000000982       0x34 /usr/lib/gcc/arm-none-eabi/9.2.1/../../../arm-none-eabi/lib/thumb/v7e-m+fp/hard/libg_nano.a(lib_a-rand.o)
 .ARM.attributes
                0x00000000000009b6       0x34 /usr/lib/gcc/arm-none-eabi/9.2.1/../../../arm-none-eabi/lib/thumb/v7e-m+fp/hard/libg_nano.a(lib_a-snprintf.o)
 .ARM.attributes
                0x00000000000009ea       0x34 /usr/lib/gcc/arm-none-eabi/9.2.1/../../../arm-none-eabi/lib/thumb/v7e-m+fp/hard/libg_nano.a(lib_a-sprintf.o)
 .ARM.attributes
                0x0000000000000a1e       0x1c /usr/lib/gcc/arm-none-eabi/9.2.1/../../../arm-none-eabi/lib/thumb/v7e-m+fp/hard/libg_nano.a(lib_a-strlen.o)
 .ARM.attributes
                0x0000000000000a3a       0x34 /usr/lib/gcc/arm-none-eabi/9.2.1/../../../arm-none-eabi/lib/thumb/v7e-m+fp/hard/libg_nano.a(lib_a-time.o)
 .ARM.attributes
                0x0000000000000a6e       0x34 /usr/lib/gcc/arm-none-eabi/9.2.1/../../../arm-none-eabi/lib/thumb/v7e-m+fp/hard/libg_nano.a(lib_a-assert.o)
 .ARM.attributes
                0x0000000000000aa2       0x34 /usr/lib/gcc/arm-none-eabi/9.2.1/../../../arm-none-eabi/lib/thumb/v7e-m+fp/hard/libg_nano.a(lib_a-findfp.o)
 .ARM.attributes
                0x0000000000000ad6       0x34 /usr/lib/gcc/arm-none-eabi/9.2.1/../../../arm-none-eabi/lib/thumb/v7e-m+fp/hard/libg_nano.a(lib_a-fprintf.o)
 .ARM.attributes
                0x0000000000000b0a       0x34 /usr/lib/gcc/arm-none-eabi/9.2.1/../../../arm-none-eabi/lib/thumb/v7e-m+fp/hard/libg_nano.a(lib_a-fwalk.o)
 .ARM.attributes
                0x0000000000000b3e       0x34 /usr/lib/gcc/arm-none-eabi/9.2.1/../../../arm-none-eabi/lib/thumb/v7e-m+fp/hard/libg_nano.a(lib_a-gettimeofdayr.o)
 .ARM.attributes
                0x0000000000000b72       0x34 /usr/lib/gcc/arm-none-eabi/9.2.1/../../../arm-none-eabi/lib/thumb/v7e-m+fp/hard/libg_nano.a(lib_a-malloc.o)
 .ARM.attributes
                0x0000000000000ba6       0x34 /usr/lib/gcc/arm-none-eabi/9.2.1/../../../arm-none-eabi/lib/thumb/v7e-m+fp/hard/libg_nano.a(lib_a-nano-freer.o)
 .ARM.attributes
                0x0000000000000bda       0x34 /usr/lib/gcc/arm-none-eabi/9.2.1/../../../arm-none-eabi/lib/thumb/v7e-m+fp/hard/libg_nano.a(lib_a-nano-mallocr.o)
 .ARM.attributes
                0x0000000000000c0e       0x34 /usr/lib/gcc/arm-none-eabi/9.2.1/../../../arm-none-eabi/lib/thumb/v7e-m+fp/hard/libg_nano.a(lib_a-nano-svfprintf.o)
 .ARM.attributes
                0x0000000000000c42       0x34 /usr/lib/gcc/arm-none-eabi/9.2.1/../../../arm-none-eabi/lib/thumb/v7e-m+fp/hard/libg_nano.a(lib_a-nano-vfprintf.o)
 .ARM.attributes
                0x0000000000000c76       0x34 /usr/lib/gcc/arm-none-eabi/9.2.1/../../../arm-none-eabi/lib/thumb/v7e-m+fp/hard/libg_nano.a(lib_a-nano-vfprintf_i.o)
 .ARM.attributes
                0x0000000000000caa       0x34 /usr/lib/gcc/arm-none-eabi/9.2.1/../../../arm-none-eabi/lib/thumb/v7e-m+fp/hard/libg_nano.a(lib_a-reent.o)
 .ARM.attributes
                0x0000000000000cde       0x34 /usr/lib/gcc/arm-none-eabi/9.2.1/../../../arm-none-eabi/lib/thumb/v7e-m+fp/hard/libg_nano.a(lib_a-sbrkr.o)
 .ARM.attributes
                0x0000000000000d12       0x34 /usr/lib/gcc/arm-none-eabi/9.2.1/../../../arm-none-eabi/lib/thumb/v7e-m+fp/hard/libg_nano.a(lib_a-stdio.o)
 .ARM.attributes
                0x0000000000000d46       0x34 /usr/lib/gcc/arm-none-eabi/9.2.1/../../../arm-none-eabi/lib/thumb/v7e-m+fp/hard/libg_nano.a(lib_a-wbuf.o)
 .ARM.attributes
                0x0000000000000d7a       0x34 /usr/lib/gcc/arm-none-eabi/9.2.1/../../../arm-none-eabi/lib/thumb/v7e-m+fp/hard/libg_nano.a(lib_a-writer.o)
 .ARM.attributes
                0x0000000000000dae       0x34 /usr/lib/gcc/arm-none-eabi/9.2.1/../../../arm-none-eabi/lib/thumb/v7e-m+fp/hard/libg_nano.a(lib_a-wsetup.o)
 .ARM.attributes
                0x0000000000000de2       0x34 /usr/lib/gcc/arm-none-eabi/9.2.1/../../../arm-none-eabi/lib/thumb/v7e-m+fp/hard/libg_nano.a(lib_a-abort.o)
 .ARM.attributes
                0x0000000000000e16       0x34 /usr/lib/gcc/arm-none-eabi/9.2.1/../../../arm-none-eabi/lib/thumb/v7e-m+fp/hard/libg_nano.a(lib_a-closer.o)
 .ARM.attributes
                0x0000000000000e4a       0x34 /usr/lib/gcc/arm-none-eabi/9.2.1/../../../arm-none-eabi/lib/thumb/v7e-m+fp/hard/libg_nano.a(lib_a-fflush.o)
 .ARM.attributes
                0x0000000000000e7e       0x34 /usr/lib/gcc/arm-none-eabi/9.2.1/../../../arm-none-eabi/lib/thumb/v7e-m+fp/hard/libg_nano.a(lib_a-fvwrite.o)
 .ARM.attributes
                0x0000000000000eb2       0x34 /usr/lib/gcc/arm-none-eabi/9.2.1/../../../arm-none-eabi/lib/thumb/v7e-m+fp/hard/libg_nano.a(lib_a-lseekr.o)
 .ARM.attributes
                0x0000000000000ee6       0x34 /usr/lib/gcc/arm-none-eabi/9.2.1/../../../arm-none-eabi/lib/thumb/v7e-m+fp/hard/libg_nano.a(lib_a-makebuf.o)
 .ARM.attributes
                0x0000000000000f1a       0x1c /usr/lib/gcc/arm-none-eabi/9.2.1/../../../arm-none-eabi/lib/thumb/v7e-m+fp/hard/libg_nano.a(lib_a-memchr.o)
 .ARM.attributes
                0x0000000000000f36       0x34 /usr/lib/gcc/arm-none-eabi/9.2.1/../../../arm-none-eabi/lib/thumb/v7e-m+fp/hard/libg_nano.a(lib_a-memmove.o)
 .ARM.attributes
                0x0000000000000f6a       0x34 /usr/lib/gcc/arm-none-eabi/9.2.1/../../../arm-none-eabi/lib/thumb/v7e-m+fp/hard/libg_nano.a(lib_a-mlock.o)
 .ARM.attributes
                0x0000000000000f9e       0x34 /usr/lib/gcc/arm-none-eabi/9.2.1/../../../arm-none-eabi/lib/thumb/v7e-m+fp/hard/libg_nano.a(lib_a-nano-reallocr.o)
 .ARM.attributes
                0x0000000000000fd2       0x34 /usr/lib/gcc/arm-none-eabi/9.2.1/../../../arm-none-eabi/lib/thumb/v7e-m+fp/hard/libg_nano.a(lib_a-readr.o)
 .ARM.attributes
                0x0000000000001006       0x34 /usr/lib/gcc/arm-none-eabi/9.2.1/../../../arm-none-eabi/lib/thumb/v7e-m+fp/hard/libg_nano.a(lib_a-signal.o)
 .ARM.attributes
                0x000000000000103a       0x34 /usr/lib/gcc/arm-none-eabi/9.2.1/../../../arm-none-eabi/lib/thumb/v7e-m+fp/hard/libg_nano.a(lib_a-signalr.o)
 .ARM.attributes
                0x000000000000106e       0x34 /usr/lib/gcc/arm-none-eabi/9.2.1/../../../arm-none-eabi/lib/thumb/v7e-m+fp/hard/libg_nano.a(lib_a-fstatr.o)
 .ARM.attributes
                0x00000000000010a2       0x34 /usr/lib/gcc/arm-none-eabi/9.2.1/../../../arm-none-eabi/lib/thumb/v7e-m+fp/hard/libg_nano.a(lib_a-isattyr.o)
 .ARM.attributes
                0x00000000000010d6       0x34 /usr/lib/gcc/arm-none-eabi/9.2.1/../../../arm-none-eabi/lib/thumb/v7e-m+fp/hard/libg_nano.a(lib_a-nano-msizer.o)
 .ARM.attributes